05-12 20:31:37.880 I/Stumbler_ocationService(29418): Using BSSID = [08bd4353a9ee] 
05-12 20:31:37.880 I/Stumbler_ocationService(29418): Using BSSID = [0c473d74f188] 
05-12 20:31:37.880 I/Stumbler_ocationService(29418): Using BSSID = [c4017c1664e8] 
05-12 20:31:37.880 I/Stumbler_ocationService(29418): Using BSSID = [c4017c5664e8] 
05-12 20:31:37.880 I/Stumbler_ocationService(29418): END BSSID for offline geo
05-12 20:31:37.880 I/Stumbler_ocationService(29418): Can't find any solution to this set of BSSIDS
05-12 20:31:37.880 I/Stumbler_AsyncGeolocate(29418): Error processing search request
05-12 20:31:37.882 I/Stumbler_AsyncGeolocate(29418): Using offline location fixing!
05-12 20:31:37.885 I/Stumbler_ocationService(29418): Offline location started!
05-12 20:31:37.885 I/Stumbler_ocationService(29418): Start BSSID for offline geo
05-12 20:31:37.885 I/Stumbler_ocationService(29418): Using BSSID = [000d6700605f] 
05-12 20:31:37.885 I/Stumbler_ocationService(29418): Using BSSID = [000d670064af] 
05-12 20:31:37.885 I/Stumbler_ocationService(29418): Using BSSID = [000d670073da] 
05-12 20:31:37.886 I/Stumbler_ocationService(29418): Using BSSID = [000d670073f2] 
05-12 20:31:37.886 I/Stumbler_ocationService(29418): Using BSSID = [000d670074f2] 
05-12 20:31:37.886 I/Stumbler_ocationService(29418): Using BSSID = [000d670076fe] 
05-12 20:31:37.886 I/Stumbler_ocationService(29418): Using BSSID = [001ff3c1fe41] 
05-12 20:31:37.887 I/Stumbler_ocationService(29418): Using BSSID = [0024a89c74b0] 
05-12 20:31:37.887 I/Stumbler_ocationService(29418): Using BSSID = [0024a89c74b1] 
05-12 20:31:37.887 I/Stumbler_ocationService(29418): Using BSSID = [0024a89c74b2] 
05-12 20:31:37.887 I/Stumbler_ocationService(29418): Using BSSID = [0024a89c74b3] 
05-12 20:31:37.887 I/Stumbler_ocationService(29418): Using BSSID = [0024a89c74b5] 
05-12 20:31:37.887 I/Stumbler_ocationService(29418): Using BSSID = [0024a89c74b6] 
05-12 20:31:37.887 I/Stumbler_ocationService(29418): Using BSSID = [04a1512e6029] 
05-12 20:31:37.893 I/Stumbler_ocationService(29418): Using BSSID = [0626bb785765] 
05-12 20:31:37.893 I/Stumbler_ocationService(29418): Using BSSID = [08606ee94082] 
05-12 20:31:37.893 I/Stumbler_ocationService(29418): Using BSSID = [08ea44519ecc] 
05-12 20:31:37.894 I/Stumbler_ocationService(29418): Using BSSID = [08ea4452d88c] 
05-12 20:31:37.894 I/Stumbler_ocationService(29418): Using BSSID = [0c473de6bed8] 
05-12 20:31:37.894 I/Stumbler_ocationService(29418): Using BSSID = [0c473de8ebc8] 
05-12 20:31:37.894 I/Stumbler_ocationService(29418): Using BSSID = [0c473df14f28] 
05-12 20:31:37.894 I/Stumbler_ocationService(29418): Using BSSID = [0e473dd22678] 
05-12 20:31:37.895 I/Stumbler_ocationService(29418): Using BSSID = [0e473de544f8] 
05-12 20:31:37.895 I/Stumbler_ocationService(29418): Using BSSID = [18622cdb576a] 
05-12 20:31:37.895 I/Stumbler_ocationService(29418): Using BSSID = [20aa4b7e830f] 
05-12 20:31:37.895 I/Stumbler_ocationService(29418): Using BSSID = [24c9a1187638] 
05-12 20:31:37.895 I/Stumbler_ocationService(29418): Using BSSID = [24c9a1587638] 
05-12 20:31:37.895 I/Stumbler_ocationService(29418): Using BSSID = [28924a5cd231] 
05-12 20:31:37.895 I/Stumbler_ocationService(29418): Using BSSID = [2ce4128a52ef] 
05-12 20:31:37.904 I/Stumbler_ocationService(29418): Using BSSID = [3860776cd974] 
05-12 20:31:37.904 I/Stumbler_ocationService(29418): Using BSSID = [386077b3a2f2] 
05-12 20:31:37.905 I/Stumbler_ocationService(29418): Using BSSID = [40167ea2c508] 
05-12 20:31:37.906 I/Stumbler_ocationService(29418): Using BSSID = [40f201e54921] 
05-12 20:31:37.906 I/Stumbler_ocationService(29418): Using BSSID = [40f201ea26df] 
05-12 20:31:37.906 I/Stumbler_ocationService(29418): Using BSSID = [40f201f979e7] 
05-12 20:31:37.906 I/Stumbler_ocationService(29418): Using BSSID = [48f8b323b9f5] 
05-12 20:31:37.907 I/Stumbler_ocationService(29418): Using BSSID = [5856e82bcae1] 
05-12 20:31:37.907 I/Stumbler_ocationService(29418): Using BSSID = [5cd9985cc54e] 
05-12 20:31:37.907 I/Stumbler_ocationService(29418): Using BSSID = [6815903c3aa6] 
05-12 20:31:37.907 I/Stumbler_ocationService(29418): Using BSSID = [788df7b58bc8] 
05-12 20:31:37.912 I/Stumbler_ocationService(29418): Using BSSID = [841b5e819a04] 
05-12 20:31:37.921 I/Stumbler_ocationService(29418): Using BSSID = [84948c1f2478] 
05-12 20:31:37.922 I/Stumbler_ocationService(29418): Using BSSID = [84948c9b9d68] 
05-12 20:31:37.922 I/Stumbler_ocationService(29418): Using BSSID = [86948c372be8] 
05-12 20:31:37.928 I/Stumbler_ocationService(29418): Using BSSID = [86948c83a188] 
05-12 20:31:37.928 I/Stumbler_ocationService(29418): Using BSSID = [ac220bcf8ae8] 
05-12 20:31:37.928 I/Stumbler_ocationService(29418): Using BSSID = [ac220bcf8aec] 
05-12 20:31:37.928 I/Stumbler_ocationService(29418): Using BSSID = [b8621f51286e] 
05-12 20:31:37.928 I/Stumbler_ocationService(29418): Using BSSID = [b88d12607967] 
05-12 20:31:37.928 I/Stumbler_ocationService(29418): Using BSSID = [b88d12648167] 
05-12 20:31:37.928 I/Stumbler_ocationService(29418): Using BSSID = [ba8d12607968] 
05-12 20:31:37.928 I/Stumbler_ocationService(29418): Using BSSID = [bc14012fcd58] 
05-12 20:31:37.929 I/Stumbler_ocationService(29418): Using BSSID = [bc14012fcd59] 
05-12 20:31:37.929 I/Stumbler_ocationService(29418): Using BSSID = [bc4dfb258d78] 
05-12 20:31:37.929 I/Stumbler_ocationService(29418): Using BSSID = [bc4dfb756f28] 
05-12 20:31:37.929 I/Stumbler_ocationService(29418): Using BSSID = [bc4dfbc6b2a8] 
05-12 20:31:37.930 I/Stumbler_ocationService(29418): Using BSSID = [c40acba0a550] 
05-12 20:31:37.930 I/Stumbler_ocationService(29418): Using BSSID = [c40acba0a551] 
05-12 20:31:37.930 I/Stumbler_ocationService(29418): Using BSSID = [c40acba0a552] 
05-12 20:31:37.930 I/Stumbler_ocationService(29418): Using BSSID = [c40acba0a554] 
05-12 20:31:37.930 I/Stumbler_ocationService(29418): Using BSSID = [c8d71902838b] 
05-12 20:31:37.930 I/Stumbler_ocationService(29418): Using BSSID = [e840f20fb3e5] 
05-12 20:31:37.930 I/Stumbler_ocationService(29418): Using BSSID = [e840f2a2e835] 
05-12 20:31:37.931 I/Stumbler_ocationService(29418): Using BSSID = [ea40f20fb3e6] 
05-12 20:31:37.931 I/Stumbler_ocationService(29418): Using BSSID = [fa8fca63e463] 
05-12 20:31:37.931 I/Stumbler_ocationService(29418): END BSSID for offline geo
05-12 20:31:37.932 I/Stumbler_ocationService(29418): Unique solution found: [28467]
05-12 20:31:38.849 D/Stumbler_GPSScanner(29418): New location: Location[gps 43.643771,-79.375621 acc=7 et=+6h31m41s623ms alt=35.0 vel=0.25 bear=172.3 {Bundle[mParcelledData.dataSize=40]}]
05-12 20:31:38.849 D/Stumbler_adcastReceiver(29418): Computed distance: 31.00114631652832
05-12 20:31:38.849 D/Stumbler_adcastReceiver(29418): Pref distance: 50
05-12 20:31:38.849 D/Stumbler_adcastReceiver(29418): Last loc. age: 13.916 s, (1431477098-1431477084, max age: 120.0)
05-12 20:31:38.849 D/Stumbler_adcastReceiver(29418): Scheduled timeout check for 120.0 seconds
05-12 20:31:38.850 D/Stumbler_WifiScanner(29418): Activate Periodic Scan
05-12 20:31:38.851 D/WifiService(  792): acquireWifiLockLocked: WifiLock{MozStumbler type=2 binder=android.os.BinderProxy@2885b361}
05-12 20:31:38.852 D/Stumbler_WifiScanner(29418): WiFi Scanning Timer fired
05-12 20:31:38.879 D/Stumbler_lemetryWrapper(29418): Class not found!
05-12 20:31:39.514 E/StrictMode(29418): 	at org.mozilla.mozstumbler.service.core.offline.OrderedCityTiles.parse_csv(OrderedCityTiles.java:34)
05-12 20:31:39.514 E/StrictMode(29418): 	at org.mozilla.mozstumbler.service.core.offline.OrderedCityTiles.<init>(OrderedCityTiles.java:26)
05-12 20:31:39.514 E/StrictMode(29418): 	at org.mozilla.mozstumbler.service.core.offline.LocationService.locationFix(LocationService.java:194)
05-12 20:31:39.514 E/StrictMode(29418): 	at org.mozilla.mozstumbler.service.core.offline.LocationService.search(LocationService.java:111)
05-12 20:31:39.514 E/StrictMode(29418): 	at org.mozilla.mozstumbler.svclocator.DynamicProxy.invoke(DynamicProxy.java:89)
05-12 20:31:39.514 E/StrictMode(29418): 	at org.mozilla.mozstumbler.client.mapview.AsyncGeolocate.doInBackground(AsyncGeolocate.java:68)
05-12 20:31:39.514 E/StrictMode(29418): 	at org.mozilla.mozstumbler.client.mapview.AsyncGeolocate.doInBackground(AsyncGeolocate.java:26)
05-12 20:31:42.852 D/Stumbler_WifiScanner(29418): WiFi Scanning Timer fired
05-12 20:31:46.707 W/PackageManager( 1144): Failure retrieving resources for org.mozilla.mozstumbler.debug: Resource ID #0x0
05-12 20:31:46.853 D/Stumbler_WifiScanner(29418): Deactivate periodic scan
05-12 20:31:46.853 D/WifiService(  792): releaseWifiLockLocked: WifiLock{MozStumbler type=2 binder=android.os.BinderProxy@2885b361}
05-12 20:31:47.792 D/Stumbler_MapFragment(29418): onResume
05-12 20:31:47.794 D/Stumbler_nUpdateManager(29418): set last known location
05-12 20:31:48.394 I/Timeline(  792): Timeline: Activity_windows_visible id: ActivityRecord{2594c4b5 u0 org.mozilla.mozstumbler.debug/org.mozilla.mozstumbler.client.navdrawer.MainDrawerActivity t116} time:22956451
05-12 20:31:51.937 I/Stumbler_ocationService(29418): Sending back location: {"location":{"lat":"43.64501961","lng":"-79.377593994"},"accuracy":"150"}
05-12 20:31:51.938 I/Stumbler_AsyncGeolocate(29418): Using offline location fixing!
05-12 20:31:51.942 I/Stumbler_ocationService(29418): Offline location started!
05-12 20:31:51.942 I/Stumbler_ocationService(29418): Start BSSID for offline geo
05-12 20:31:51.942 I/Stumbler_ocationService(29418): Using BSSID = [000d6700605f] 
05-12 20:31:51.942 I/Stumbler_ocationService(29418): Using BSSID = [000d670064af] 
05-12 20:31:51.942 I/Stumbler_ocationService(29418): Using BSSID = [000d670073da] 
05-12 20:31:51.944 I/Stumbler_ocationService(29418): Using BSSID = [000d670074f2] 
05-12 20:31:51.944 I/Stumbler_ocationService(29418): Using BSSID = [000d670076fe] 
05-12 20:31:51.944 I/Stumbler_ocationService(29418): Using BSSID = [000e8e29c82b] 
05-12 20:31:51.954 I/Stumbler_ocationService(29418): Using BSSID = [00198816eb08] 
05-12 20:31:51.964 I/Stumbler_ocationService(29418): Using BSSID = [001ff3c1fe41] 
05-12 20:31:51.965 I/Stumbler_ocationService(29418): Using BSSID = [0024a89c74b0] 
05-12 20:31:51.965 I/Stumbler_ocationService(29418): Using BSSID = [0024a89c74b1] 
05-12 20:31:51.965 I/Stumbler_ocationService(29418): Using BSSID = [0024a89c74b2] 
05-12 20:31:51.966 I/Stumbler_ocationService(29418): Using BSSID = [0024a89c74b3] 
05-12 20:31:51.966 I/Stumbler_ocationService(29418): Using BSSID = [0024a89c74b5] 
05-12 20:31:51.966 I/Stumbler_ocationService(29418): Using BSSID = [0024a89c74b6] 
05-12 20:31:51.966 I/Stumbler_ocationService(29418): Using BSSID = [0026f2f43215] 
05-12 20:31:51.968 I/Stumbler_ocationService(29418): Using BSSID = [04a1512e6029] 
05-12 20:31:51.968 I/Stumbler_ocationService(29418): Using BSSID = [0626bb785765] 
05-12 20:31:51.968 I/Stumbler_ocationService(29418): Using BSSID = [08606ee94082] 
05-12 20:31:51.968 I/Stumbler_ocationService(29418): Using BSSID = [08ea44519ecc] 
05-12 20:31:51.969 I/Stumbler_ocationService(29418): Using BSSID = [08ea4452d88c] 
05-12 20:31:51.970 I/Stumbler_ocationService(29418): Using BSSID = [08edb9592971] 
05-12 20:31:51.976 I/Stumbler_ocationService(29418): Using BSSID = [0c473de6bed8] 
05-12 20:31:51.976 I/Stumbler_ocationService(29418): Using BSSID = [0c473de8ebc8] 
05-12 20:31:51.976 I/Stumbler_ocationService(29418): Using BSSID = [0c473df14f28] 
05-12 20:31:51.977 I/Stumbler_ocationService(29418): Using BSSID = [0e473dd22678] 
05-12 20:31:51.977 I/Stumbler_ocationService(29418): Using BSSID = [0e473de544f8] 
05-12 20:31:51.977 I/Stumbler_ocationService(29418): Using BSSID = [10bd18ea3c40] 
05-12 20:31:51.978 I/Stumbler_ocationService(29418): Using BSSID = [181e7803caf6] 
05-12 20:31:51.992 I/Stumbler_ocationService(29418): Using BSSID = [18622cdb576a] 
05-12 20:31:51.992 I/Stumbler_ocationService(29418): Using BSSID = [20aa4b7e830f] 
05-12 20:31:51.993 I/Stumbler_ocationService(29418): Using BSSID = [28924a5cd231] 
05-12 20:31:51.993 I/Stumbler_ocationService(29418): Using BSSID = [2c59e5eb5abc] 
05-12 20:31:52.001 I/Stumbler_ocationService(29418): Using BSSID = [34a84eba3740] 
05-12 20:31:52.001 I/Stumbler_ocationService(29418): Using BSSID = [3860776cd974] 
05-12 20:31:52.001 I/Stumbler_ocationService(29418): Using BSSID = [386077b3a2f2] 
05-12 20:31:52.002 I/Stumbler_ocationService(29418): Using BSSID = [40167ea2c508] 
05-12 20:31:52.002 I/Stumbler_ocationService(29418): Using BSSID = [40f201e54921] 
05-12 20:31:52.003 I/Stumbler_ocationService(29418): Using BSSID = [40f201ea26df] 
05-12 20:31:52.004 I/Stumbler_ocationService(29418): Using BSSID = [40f201ef489f] 
05-12 20:31:52.008 I/Stumbler_ocationService(29418): Using BSSID = [40f201f979e7] 
05-12 20:31:52.008 I/Stumbler_ocationService(29418): Using BSSID = [48f8b323b9f5] 
05-12 20:31:52.009 I/Stumbler_ocationService(29418): Using BSSID = [5856e82bcae1] 
05-12 20:31:52.009 I/Stumbler_ocationService(29418): Using BSSID = [5cd9985cc54e] 
05-12 20:31:52.009 I/Stumbler_ocationService(29418): Using BSSID = [6815903bdace] 
05-12 20:31:52.016 I/Stumbler_ocationService(29418): Using BSSID = [6815903c3aa6] 
05-12 20:31:52.017 I/Stumbler_ocationService(29418): Using BSSID = [788df7b58bc8] 
05-12 20:31:52.017 I/Stumbler_ocationService(29418): Using BSSID = [788df7e6efc8] 
05-12 20:31:52.020 I/Stumbler_ocationService(29418): Using BSSID = [84948c1f2478] 
05-12 20:31:52.020 I/Stumbler_ocationService(29418): Using BSSID = [84948c4f4f98] 
05-12 20:31:52.023 I/Stumbler_ocationService(29418): Using BSSID = [84948c4f4f9c] 
05-12 20:31:52.030 I/Stumbler_ocationService(29418): Using BSSID = [84948c5187f8] 
05-12 20:31:52.031 I/Stumbler_ocationService(29418): Using BSSID = [84948c564688] 
05-12 20:31:52.034 I/Stumbler_ocationService(29418): Using BSSID = [84948c568ac8] 
05-12 20:31:52.037 I/Stumbler_ocationService(29418): Using BSSID = [84948c568acc] 
05-12 20:31:52.041 I/Stumbler_ocationService(29418): Using BSSID = [84948c5f93ac] 
05-12 20:31:52.043 I/Stumbler_ocationService(29418): Using BSSID = [84948c5fb4d8] 
05-12 20:31:52.066 I/Stumbler_ocationService(29418): Using BSSID = [84948c9b9d68] 
05-12 20:31:52.066 I/Stumbler_ocationService(29418): Using BSSID = [84948cd12e38] 
05-12 20:31:52.070 I/Stumbler_ocationService(29418): Using BSSID = [84948cd12e3c] 
05-12 20:31:52.070 I/Stumbler_ocationService(29418): Using BSSID = [86948c372be8] 
05-12 20:31:52.070 I/Stumbler_ocationService(29418): Using BSSID = [86948c83a188] 
05-12 20:31:52.070 I/Stumbler_ocationService(29418): Using BSSID = [88dc96296e60] 
05-12 20:31:52.070 I/Stumbler_ocationService(29418): Using BSSID = [ac220bcf8ae8] 
05-12 20:31:52.070 I/Stumbler_ocationService(29418): Using BSSID = [ac220bcf8aec] 
05-12 20:31:52.071 I/Stumbler_ocationService(29418): Using BSSID = [ac8112ea54ac] 
05-12 20:31:52.074 I/Stumbler_ocationService(29418): Using BSSID = [b88d12648167] 
05-12 20:31:52.075 I/Stumbler_ocationService(29418): Using BSSID = [bc14012fcd58] 
05-12 20:31:52.075 I/Stumbler_ocationService(29418): Using BSSID = [bc14012fcd59] 
05-12 20:31:52.075 I/Stumbler_ocationService(29418): Using BSSID = [bc4dfb258d78] 
05-12 20:31:52.076 I/Stumbler_ocationService(29418): Using BSSID = [bc4dfb2e3f98] 
05-12 20:31:52.080 I/Stumbler_ocationService(29418): Using BSSID = [bc4dfb756f28] 
05-12 20:31:52.080 I/Stumbler_ocationService(29418): Using BSSID = [bc4dfbc6b2a8] 
05-12 20:31:52.080 I/Stumbler_ocationService(29418): Using BSSID = [c40acba0a550] 
05-12 20:31:52.081 I/Stumbler_ocationService(29418): Using BSSID = [c40acba0a551] 
05-12 20:31:52.081 I/Stumbler_ocationService(29418): Using BSSID = [c40acba0a552] 
05-12 20:31:52.081 I/Stumbler_ocationService(29418): Using BSSID = [c40acba0a554] 
05-12 20:31:52.081 I/Stumbler_ocationService(29418): Using BSSID = [c46e1f673f4c] 
05-12 20:31:52.086 I/Stumbler_ocationService(29418): Using BSSID = [c8d71902838b] 
05-12 20:31:52.086 I/Stumbler_ocationService(29418): Using BSSID = [d4ca6d8daaaa] 
05-12 20:31:52.087 I/Stumbler_ocationService(29418): Using BSSID = [e840f20fb3e5] 
05-12 20:31:52.087 I/Stumbler_ocationService(29418): Using BSSID = [e840f2a2e835] 
05-12 20:31:52.087 I/Stumbler_ocationService(29418): Using BSSID = [ea40f20fb3e6] 
05-12 20:31:52.088 I/Stumbler_ocationService(29418): Using BSSID = [fa8fca63e463] 
05-12 20:31:52.089 I/Stumbler_ocationService(29418): END BSSID for offline geo
05-12 20:31:52.090 I/Stumbler_ocationService(29418): Unique solution found: [28467]
05-12 20:31:52.110 E/StrictMode(29418): 	at org.mozilla.mozstumbler.service.core.offline.OrderedCityTiles.parse_csv(OrderedCityTiles.java:34)
05-12 20:31:52.110 E/StrictMode(29418): 	at org.mozilla.mozstumbler.service.core.offline.OrderedCityTiles.<init>(OrderedCityTiles.java:26)
05-12 20:31:52.110 E/StrictMode(29418): 	at org.mozilla.mozstumbler.service.core.offline.LocationService.locationFix(LocationService.java:194)
05-12 20:31:52.110 E/StrictMode(29418): 	at org.mozilla.mozstumbler.service.core.offline.LocationService.search(LocationService.java:111)
05-12 20:31:52.110 E/StrictMode(29418): 	at org.mozilla.mozstumbler.svclocator.DynamicProxy.invoke(DynamicProxy.java:89)
05-12 20:31:52.110 E/StrictMode(29418): 	at org.mozilla.mozstumbler.client.mapview.AsyncGeolocate.doInBackground(AsyncGeolocate.java:68)
05-12 20:31:52.110 E/StrictMode(29418): 	at org.mozilla.mozstumbler.client.mapview.AsyncGeolocate.doInBackground(AsyncGeolocate.java:26)
05-12 20:32:02.906 D/Stumbler_GPSScanner(29418): New location: Location[gps 43.643456,-79.375608 acc=4 et=+6h32m5s653ms alt=30.0 vel=6.63 bear=175.9 {Bundle[mParcelledData.dataSize=40]}]
05-12 20:32:02.906 D/Stumbler_adcastReceiver(29418): Computed distance: 64.71733093261719
05-12 20:32:02.906 D/Stumbler_adcastReceiver(29418): Pref distance: 50
05-12 20:32:02.907 D/Stumbler_adcastReceiver(29418): Received new location exceeding distance changed in meters pref
05-12 20:32:02.907 D/Stumbler_adcastReceiver(29418): Scheduled timeout check for 120.0 seconds
05-12 20:32:02.907 D/Stumbler_WifiScanner(29418): Activate Periodic Scan
05-12 20:32:02.908 D/WifiService(  792): acquireWifiLockLocked: WifiLock{MozStumbler type=2 binder=android.os.BinderProxy@3c5a0b4c}
05-12 20:32:02.912 D/Stumbler_WifiScanner(29418): WiFi Scanning Timer fired
05-12 20:32:02.923 D/Stumbler_lemetryWrapper(29418): Class not found!
05-12 20:32:04.589 I/Stumbler_ocationService(29418): Sending back location: {"location":{"lat":"43.64501961","lng":"-79.377593994"},"accuracy":"150"}
05-12 20:32:04.590 I/Stumbler_AsyncGeolocate(29418): Using offline location fixing!
05-12 20:32:04.591 I/Stumbler_ocationService(29418): Offline location started!
05-12 20:32:04.594 I/Stumbler_ocationService(29418): Start BSSID for offline geo
05-12 20:32:04.594 I/Stumbler_ocationService(29418): Using BSSID = [000d6700605f] 
05-12 20:32:04.594 I/Stumbler_ocationService(29418): Using BSSID = [000d670073f2] 
05-12 20:32:04.594 I/Stumbler_ocationService(29418): Using BSSID = [000d6708f370] 
05-12 20:32:04.594 I/Stumbler_ocationService(29418): Using BSSID = [0011928d9480] 
05-12 20:32:04.594 I/Stumbler_ocationService(29418): Using BSSID = [08bd4353a9ee] 
05-12 20:32:04.594 I/Stumbler_ocationService(29418): Using BSSID = [0c473d74f188] 
05-12 20:32:04.594 I/Stumbler_ocationService(29418): Using BSSID = [0c473dad8029] 
05-12 20:32:04.595 I/Stumbler_ocationService(29418): Using BSSID = [0c473dd22678] 
05-12 20:32:04.596 I/Stumbler_ocationService(29418): Using BSSID = [20aa4b7e830f] 
05-12 20:32:04.596 I/Stumbler_ocationService(29418): Using BSSID = [40f201e60a91] 
05-12 20:32:04.596 I/Stumbler_ocationService(29418): Using BSSID = [50a73311d928] 
05-12 20:32:04.597 I/Stumbler_ocationService(29418): Using BSSID = [6815903be516] 
05-12 20:32:04.597 I/Stumbler_ocationService(29418): Using BSSID = [84948c487b28] 
05-12 20:32:04.598 I/Stumbler_ocationService(29418): Using BSSID = [84948c94b228] 
05-12 20:32:04.598 I/Stumbler_ocationService(29418): Using BSSID = [ac220bcf8ae8] 
05-12 20:32:04.598 I/Stumbler_ocationService(29418): Using BSSID = [b88d12607967] 
05-12 20:32:04.598 I/Stumbler_ocationService(29418): Using BSSID = [ba8d12607968] 
05-12 20:32:04.598 I/Stumbler_ocationService(29418): Using BSSID = [c4017c1664e8] 
05-12 20:32:04.599 I/Stumbler_ocationService(29418): Using BSSID = [c4017c5664e8] 
05-12 20:32:04.599 I/Stumbler_ocationService(29418): Using BSSID = [c40acba0a550] 
05-12 20:32:04.599 I/Stumbler_ocationService(29418): Using BSSID = [c40acba0a551] 
05-12 20:32:04.599 I/Stumbler_ocationService(29418): Using BSSID = [d4ca6d8daaaa] 
05-12 20:32:04.599 I/Stumbler_ocationService(29418): Using BSSID = [d4ca6d992dd5] 
05-12 20:32:04.599 I/Stumbler_ocationService(29418): END BSSID for offline geo
05-12 20:32:04.602 I/Stumbler_ocationService(29418): Can't find any solution to this set of BSSIDS
05-12 20:32:04.602 I/Stumbler_AsyncGeolocate(29418): Error processing search request
05-12 20:32:04.602 I/Stumbler_AsyncGeolocate(29418): Using offline location fixing!
05-12 20:32:04.604 I/Stumbler_ocationService(29418): Offline location started!
05-12 20:32:04.605 I/Stumbler_ocationService(29418): Start BSSID for offline geo
05-12 20:32:04.605 I/Stumbler_ocationService(29418): Using BSSID = [000d670074f2] 
05-12 20:32:04.605 I/Stumbler_ocationService(29418): Using BSSID = [000d670076fe] 
05-12 20:32:04.605 I/Stumbler_ocationService(29418): Using BSSID = [0011928d9480] 
05-12 20:32:04.605 I/Stumbler_ocationService(29418): Using BSSID = [0026bb785765] 
05-12 20:32:04.605 I/Stumbler_ocationService(29418): Using BSSID = [0026f3a1d53a] 
05-12 20:32:04.606 I/Stumbler_ocationService(29418): Using BSSID = [0228e83a3936] 
05-12 20:32:04.606 I/Stumbler_ocationService(29418): Using BSSID = [0626bb785765] 
05-12 20:32:04.606 I/Stumbler_ocationService(29418): Using BSSID = [08bd4353a9ee] 
05-12 20:32:04.606 I/Stumbler_ocationService(29418): Using BSSID = [0e473dd22678] 
05-12 20:32:04.606 I/Stumbler_ocationService(29418): Using BSSID = [1ce6c75a29d0] 
05-12 20:32:04.607 I/Stumbler_ocationService(29418): Using BSSID = [20aa4b7e830f] 
05-12 20:32:04.607 I/Stumbler_ocationService(29418): Using BSSID = [34a84eba3740] 
05-12 20:32:04.607 I/Stumbler_ocationService(29418): Using BSSID = [5856e82bcae1] 
05-12 20:32:04.609 I/Stumbler_ocationService(29418): Using BSSID = [6815903be516] 
05-12 20:32:04.610 I/Stumbler_ocationService(29418): Using BSSID = [84948c49c3c8] 
05-12 20:32:04.610 I/Stumbler_ocationService(29418): Using BSSID = [84948c4d30f8] 
05-12 20:32:04.610 I/Stumbler_ocationService(29418): Using BSSID = [84948c93efec] 
05-12 20:32:04.618 I/Stumbler_ocationService(29418): Using BSSID = [84948c94b228] 
05-12 20:32:04.618 I/Stumbler_ocationService(29418): Using BSSID = [86948c5987e8] 
05-12 20:32:04.618 I/Stumbler_ocationService(29418): Using BSSID = [86948c94b228] 
05-12 20:32:04.619 I/Stumbler_ocationService(29418): Using BSSID = [b88d12607967] 
05-12 20:32:04.619 I/Stumbler_ocationService(29418): Using BSSID = [ba8d12607968] 
05-12 20:32:04.619 I/Stumbler_ocationService(29418): Using BSSID = [bcee7b7a3280] 
05-12 20:32:04.619 I/Stumbler_ocationService(29418): Using BSSID = [c4017c1664e8] 
05-12 20:32:04.619 I/Stumbler_ocationService(29418): Using BSSID = [c4017c5664e8] 
05-12 20:32:04.619 I/Stumbler_ocationService(29418): Using BSSID = [c40acba0a550] 
05-12 20:32:04.619 I/Stumbler_ocationService(29418): Using BSSID = [c40acba0a551] 
05-12 20:32:04.621 I/Stumbler_ocationService(29418): Using BSSID = [c40acba0a553] 
05-12 20:32:04.621 I/Stumbler_ocationService(29418): Using BSSID = [c40acba0a554] 
05-12 20:32:04.621 I/Stumbler_ocationService(29418): Using BSSID = [d4ca6d8daaaa] 
05-12 20:32:04.621 I/Stumbler_ocationService(29418): Using BSSID = [fa8fca63e463] 
05-12 20:32:04.622 I/Stumbler_ocationService(29418): END BSSID for offline geo
05-12 20:32:04.622 I/Stumbler_ocationService(29418): Can't find any solution to this set of BSSIDS
05-12 20:32:04.622 I/Stumbler_AsyncGeolocate(29418): Error processing search request
05-12 20:32:04.622 I/Stumbler_AsyncGeolocate(29418): Using offline location fixing!
05-12 20:32:04.625 I/Stumbler_ocationService(29418): Offline location started!
05-12 20:32:04.625 I/Stumbler_ocationService(29418): Start BSSID for offline geo
05-12 20:32:04.625 I/Stumbler_ocationService(29418): Using BSSID = [000d6700605f] 
05-12 20:32:04.625 I/Stumbler_ocationService(29418): Using BSSID = [000d670074f2] 
05-12 20:32:04.625 I/Stumbler_ocationService(29418): Using BSSID = [0011928d9480] 
05-12 20:32:04.625 I/Stumbler_ocationService(29418): Using BSSID = [0222d24afce9] 
05-12 20:32:04.625 I/Stumbler_ocationService(29418): Using BSSID = [08bd4353a9ee] 
05-12 20:32:04.625 I/Stumbler_ocationService(29418): Using BSSID = [0c473d74f188] 
05-12 20:32:04.625 I/Stumbler_ocationService(29418): Using BSSID = [20aa4b7e830f] 
05-12 20:32:04.626 I/Stumbler_ocationService(29418): Using BSSID = [c4017c1664e8] 
05-12 20:32:04.626 I/Stumbler_ocationService(29418): Using BSSID = [c4017c5664e8] 
05-12 20:32:04.626 I/Stumbler_ocationService(29418): Using BSSID = [c40acba0a551] 
05-12 20:32:04.626 I/Stumbler_ocationService(29418): END BSSID for offline geo
05-12 20:32:04.626 I/Stumbler_ocationService(29418): Can't find any solution to this set of BSSIDS
05-12 20:32:04.626 I/Stumbler_AsyncGeolocate(29418): Error processing search request
05-12 20:32:04.626 I/Stumbler_AsyncGeolocate(29418): Using offline location fixing!
05-12 20:32:04.632 I/Stumbler_ocationService(29418): Offline location started!
05-12 20:32:04.632 I/Stumbler_ocationService(29418): Start BSSID for offline geo
05-12 20:32:04.632 I/Stumbler_ocationService(29418): Using BSSID = [000d6700605f] 
05-12 20:32:04.633 I/Stumbler_ocationService(29418): Using BSSID = [0011928d9480] 
05-12 20:32:04.633 I/Stumbler_ocationService(29418): Using BSSID = [0222d24afce9] 
05-12 20:32:04.633 I/Stumbler_ocationService(29418): Using BSSID = [08bd4353a9ee] 
05-12 20:32:04.633 I/Stumbler_ocationService(29418): Using BSSID = [0c473d74f188] 
05-12 20:32:04.633 I/Stumbler_ocationService(29418): END BSSID for offline geo
05-12 20:32:04.634 I/Stumbler_ocationService(29418): Can't find any solution to this set of BSSIDS
05-12 20:32:04.634 I/Stumbler_AsyncGeolocate(29418): Error processing search request
05-12 20:32:04.634 I/Stumbler_AsyncGeolocate(29418): Using offline location fixing!
05-12 20:32:04.636 I/Stumbler_ocationService(29418): Offline location started!
05-12 20:32:04.636 I/Stumbler_ocationService(29418): Start BSSID for offline geo
05-12 20:32:04.636 I/Stumbler_ocationService(29418): Using BSSID = [000d6700605f] 
05-12 20:32:04.636 I/Stumbler_ocationService(29418): Using BSSID = [0011928d9480] 
05-12 20:32:04.637 I/Stumbler_ocationService(29418): Using BSSID = [0222d24afce9] 
05-12 20:32:04.637 I/Stumbler_ocationService(29418): Using BSSID = [08bd4353a9ee] 
05-12 20:32:04.637 I/Stumbler_ocationService(29418): Using BSSID = [0c473d74f188] 
05-12 20:32:04.637 I/Stumbler_ocationService(29418): Using BSSID = [c4017c1664e8] 
05-12 20:32:04.637 I/Stumbler_ocationService(29418): Using BSSID = [c4017c5664e8] 
05-12 20:32:04.637 I/Stumbler_ocationService(29418): END BSSID for offline geo
05-12 20:32:04.638 I/Stumbler_ocationService(29418): Can't find any solution to this set of BSSIDS
05-12 20:32:04.638 I/Stumbler_AsyncGeolocate(29418): Error processing search request
05-12 20:32:04.638 I/Stumbler_AsyncGeolocate(29418): Using offline location fixing!
05-12 20:32:04.644 I/Stumbler_ocationService(29418): Offline location started!
05-12 20:32:04.644 I/Stumbler_ocationService(29418): Start BSSID for offline geo
05-12 20:32:04.644 I/Stumbler_ocationService(29418): Using BSSID = [000e8e29c82b] 
05-12 20:32:04.644 I/Stumbler_ocationService(29418): Using BSSID = [00198816eb08] 
05-12 20:32:04.646 I/Stumbler_ocationService(29418): Using BSSID = [001ff3c1fe41] 
05-12 20:32:04.647 I/Stumbler_ocationService(29418): Using BSSID = [0021594b7ee0] 
05-12 20:32:04.652 I/Stumbler_ocationService(29418): Using BSSID = [0026f2f43215] 
05-12 20:32:04.652 I/Stumbler_ocationService(29418): Using BSSID = [04a1512e6029] 
05-12 20:32:04.653 I/Stumbler_ocationService(29418): Using BSSID = [08606ee94082] 
05-12 20:32:04.653 I/Stumbler_ocationService(29418): Using BSSID = [08edb9592971] 
05-12 20:32:04.653 I/Stumbler_ocationService(29418): Using BSSID = [0c473dc27f18] 
05-12 20:32:04.654 I/Stumbler_ocationService(29418): Using BSSID = [0c473de8ebc8] 
05-12 20:32:04.655 I/Stumbler_ocationService(29418): Using BSSID = [0c473df14f28] 
05-12 20:32:04.655 I/Stumbler_ocationService(29418): Using BSSID = [0e473de544f8] 
05-12 20:32:04.655 I/Stumbler_ocationService(29418): Using BSSID = [109add892adb] 
05-12 20:32:04.659 I/Stumbler_ocationService(29418): Using BSSID = [10bd18ea3c40] 
05-12 20:32:04.659 I/Stumbler_ocationService(29418): Using BSSID = [181e7803caf6] 
05-12 20:32:04.659 I/Stumbler_ocationService(29418): Using BSSID = [18622cdb576a] 
05-12 20:32:04.659 I/Stumbler_ocationService(29418): Using BSSID = [28924a5cd231] 
05-12 20:32:04.660 I/Stumbler_ocationService(29418): Using BSSID = [2c59e5eb5abc] 
05-12 20:32:04.660 I/Stumbler_ocationService(29418): Using BSSID = [34a84eba3740] 
05-12 20:32:04.660 I/Stumbler_ocationService(29418): Using BSSID = [386077b3a2f2] 
05-12 20:32:04.661 I/Stumbler_ocationService(29418): Using BSSID = [40167ea2c508] 
05-12 20:32:04.661 I/Stumbler_ocationService(29418): Using BSSID = [40f201e54921] 
05-12 20:32:04.663 I/Stumbler_ocationService(29418): Using BSSID = [40f201e9ace7] 
05-12 20:32:04.667 I/Stumbler_ocationService(29418): Using BSSID = [40f201ea26df] 
05-12 20:32:04.667 I/Stumbler_ocationService(29418): Using BSSID = [40f201ef489f] 
05-12 20:32:04.669 I/Stumbler_ocationService(29418): Using BSSID = [40f201f979e7] 
05-12 20:32:04.669 I/Stumbler_ocationService(29418): Using BSSID = [48f8b323b9f5] 
05-12 20:32:04.669 I/Stumbler_ocationService(29418): Using BSSID = [5856e82bcae1] 
05-12 20:32:04.669 I/Stumbler_ocationService(29418): Using BSSID = [5cd9985cc54e] 
05-12 20:32:04.670 I/Stumbler_ocationService(29418): Using BSSID = [6815903bdace] 
05-12 20:32:04.670 I/Stumbler_ocationService(29418): Using BSSID = [6815903c3aa6] 
05-12 20:32:04.670 I/Stumbler_ocationService(29418): Using BSSID = [78542efe0b30] 
05-12 20:32:04.681 I/Stumbler_ocationService(29418): Using BSSID = [78617c1e3e80] 
05-12 20:32:04.683 I/Stumbler_ocationService(29418): Using BSSID = [788df7b58bc8] 
05-12 20:32:04.684 I/Stumbler_ocationService(29418): Using BSSID = [788df7e6efc8] 
05-12 20:32:04.684 I/Stumbler_ocationService(29418): Using BSSID = [80ea96f1cb46] 
05-12 20:32:04.686 I/Stumbler_ocationService(29418): Using BSSID = [84948c30b4b8] 
05-12 20:32:04.688 I/Stumbler_ocationService(29418): Using BSSID = [84948c372be8] 
05-12 20:32:04.690 I/Stumbler_ocationService(29418): Using BSSID = [84948c4878e8] 
05-12 20:32:04.695 I/Stumbler_ocationService(29418): Using BSSID = [84948c4f4f98] 
05-12 20:32:04.695 I/Stumbler_ocationService(29418): Using BSSID = [84948c4f4f9c] 
05-12 20:32:04.696 I/Stumbler_ocationService(29418): Using BSSID = [84948c5187f8] 
05-12 20:32:04.696 I/Stumbler_ocationService(29418): Using BSSID = [84948c564688] 
05-12 20:32:04.696 I/Stumbler_ocationService(29418): Using BSSID = [84948c568ac8] 
05-12 20:32:04.697 I/Stumbler_ocationService(29418): Using BSSID = [84948c568acc] 
05-12 20:32:04.697 I/Stumbler_ocationService(29418): Using BSSID = [84948c5f93ac] 
05-12 20:32:04.697 I/Stumbler_ocationService(29418): Using BSSID = [84948c5fb4d8] 
05-12 20:32:04.697 I/Stumbler_ocationService(29418): Using BSSID = [84948c92b838] 
05-12 20:32:04.701 I/Stumbler_ocationService(29418): Using BSSID = [84948c9480d8] 
05-12 20:32:04.705 I/Stumbler_ocationService(29418): Using BSSID = [84948c9480dc] 
05-12 20:32:04.707 I/Stumbler_ocationService(29418): Using BSSID = [84948cc96438] 
05-12 20:32:04.710 I/Stumbler_ocationService(29418): Using BSSID = [84948ccf05e8] 
05-12 20:32:04.713 I/Stumbler_ocationService(29418): Using BSSID = [84948cd12e38] 
05-12 20:32:04.713 I/Stumbler_ocationService(29418): Using BSSID = [84948cd12e3c] 
05-12 20:32:04.713 I/Stumbler_ocationService(29418): Using BSSID = [86948c372be8] 
05-12 20:32:04.714 I/Stumbler_ocationService(29418): Using BSSID = [86948c83a188] 
05-12 20:32:04.714 I/Stumbler_ocationService(29418): Using BSSID = [881fa12f5494] 
05-12 20:32:04.715 I/Stumbler_ocationService(29418): Using BSSID = [88dc96296e60] 
05-12 20:32:04.715 I/Stumbler_ocationService(29418): Using BSSID = [ac8112ea54ac] 
05-12 20:32:04.716 I/Stumbler_ocationService(29418): Using BSSID = [b88d12648167] 
05-12 20:32:04.716 I/Stumbler_ocationService(29418): Using BSSID = [bc14012fcd58] 
05-12 20:32:04.716 I/Stumbler_ocationService(29418): Using BSSID = [bc14012fcd59] 
05-12 20:32:04.717 I/Stumbler_ocationService(29418): Using BSSID = [bc4dfb2e3f98] 
05-12 20:32:04.717 I/Stumbler_ocationService(29418): Using BSSID = [bc4dfb756f28] 
05-12 20:32:04.717 I/Stumbler_ocationService(29418): Using BSSID = [bc4dfb756f2b] 
05-12 20:32:04.718 I/Stumbler_ocationService(29418): Using BSSID = [bcee7b7a3280] 
05-12 20:32:04.718 I/Stumbler_ocationService(29418): Using BSSID = [c46e1f673f4c] 
05-12 20:32:04.718 I/Stumbler_ocationService(29418): Using BSSID = [c8d71902838b] 
05-12 20:32:04.718 I/Stumbler_ocationService(29418): Using BSSID = [d4ca6d8daaaa] 
05-12 20:32:04.718 I/Stumbler_ocationService(29418): Using BSSID = [e840f20fb3e5] 
05-12 20:32:04.719 I/Stumbler_ocationService(29418): Using BSSID = [ea40f20fb3e6] 
05-12 20:32:04.719 I/Stumbler_ocationService(29418): Using BSSID = [f08261f6045e] 
05-12 20:32:04.719 I/Stumbler_ocationService(29418): END BSSID for offline geo
05-12 20:32:04.721 I/Stumbler_ocationService(29418): Unique solution found: [28467]
05-12 20:32:06.638 E/StrictMode(29418): 	at org.mozilla.mozstumbler.service.core.offline.OrderedCityTiles.parse_csv(OrderedCityTiles.java:34)
05-12 20:32:06.638 E/StrictMode(29418): 	at org.mozilla.mozstumbler.service.core.offline.OrderedCityTiles.<init>(OrderedCityTiles.java:26)
05-12 20:32:06.638 E/StrictMode(29418): 	at org.mozilla.mozstumbler.service.core.offline.LocationService.locationFix(LocationService.java:194)
05-12 20:32:06.638 E/StrictMode(29418): 	at org.mozilla.mozstumbler.service.core.offline.LocationService.search(LocationService.java:111)
05-12 20:32:06.638 E/StrictMode(29418): 	at org.mozilla.mozstumbler.svclocator.DynamicProxy.invoke(DynamicProxy.java:89)
05-12 20:32:06.638 E/StrictMode(29418): 	at org.mozilla.mozstumbler.client.mapview.AsyncGeolocate.doInBackground(AsyncGeolocate.java:68)
05-12 20:32:06.638 E/StrictMode(29418): 	at org.mozilla.mozstumbler.client.mapview.AsyncGeolocate.doInBackground(AsyncGeolocate.java:26)
05-12 20:32:06.912 D/Stumbler_WifiScanner(29418): WiFi Scanning Timer fired
05-12 20:32:06.925 D/Stumbler_GPSScanner(29418): New location: Location[gps 43.643133,-79.375518 acc=6 et=+6h32m9s658ms alt=30.0 vel=9.64 bear=171.1 {Bundle[mParcelledData.dataSize=40]}]
05-12 20:32:06.967 D/Stumbler_adcastReceiver(29418): Computed distance: 36.58121871948242
05-12 20:32:06.967 D/Stumbler_adcastReceiver(29418): Pref distance: 50
05-12 20:32:06.969 D/Stumbler_adcastReceiver(29418): Last loc. age: 4.062 s, (1431477126-1431477122, max age: 120.0)
05-12 20:32:06.970 D/Stumbler_adcastReceiver(29418): Scheduled timeout check for 120.0 seconds
05-12 20:32:06.995 D/Stumbler_lemetryWrapper(29418): Class not found!
05-12 20:32:08.480 D/Stumbler_loaderDelegate(29418): Got a response: 200
05-12 20:32:08.482 D/Stumbler_loaderDelegate(29418): serializableTile == org.mozilla.osmdroid.tileprovider.modules.SerializableTile@3e4164bc
05-12 20:32:08.484 D/Stumbler_RUMapTileCache(29418): Remove old tile: /18/73273/95674
05-12 20:32:08.486 D/Stumbler_loaderDelegate(29418): Got a response: 200
05-12 20:32:08.488 D/Stumbler_loaderDelegate(29418): serializableTile == org.mozilla.osmdroid.tileprovider.modules.SerializableTile@13f15c45
05-12 20:32:08.489 D/Stumbler_RUMapTileCache(29418): Remove old tile: /18/73268/95675
05-12 20:32:08.746 D/Stumbler_loaderDelegate(29418): Got a response: 200
05-12 20:32:08.748 D/Stumbler_loaderDelegate(29418): serializableTile == org.mozilla.osmdroid.tileprovider.modules.SerializableTile@2a3f7f9a
05-12 20:32:08.749 D/Stumbler_RUMapTileCache(29418): Remove old tile: /18/73268/95676
05-12 20:32:08.831 D/Stumbler_loaderDelegate(29418): Got a response: 200
05-12 20:32:08.834 D/Stumbler_loaderDelegate(29418): serializableTile == org.mozilla.osmdroid.tileprovider.modules.SerializableTile@210670cb
05-12 20:32:08.835 D/Stumbler_RUMapTileCache(29418): Remove old tile: /18/73268/95677
05-12 20:32:08.863 D/Stumbler_loaderDelegate(29418): Got a response: 200
05-12 20:32:08.864 D/Stumbler_loaderDelegate(29418): serializableTile == org.mozilla.osmdroid.tileprovider.modules.SerializableTile@e1e10a8
05-12 20:32:08.865 D/Stumbler_RUMapTileCache(29418): Remove old tile: /18/73268/95678
05-12 20:32:08.904 D/Stumbler_loaderDelegate(29418): Got a response: 200
05-12 20:32:08.909 D/Stumbler_loaderDelegate(29418): serializableTile == org.mozilla.osmdroid.tileprovider.modules.SerializableTile@35d077c1
05-12 20:32:08.910 D/Stumbler_RUMapTileCache(29418): Remove old tile: /18/73268/95679
05-12 20:32:09.853 D/Stumbler_GPSScanner(29418): New location: Location[gps 43.642882,-79.375313 acc=7 et=+6h32m12s622ms alt=32.0 vel=10.35 bear=158.2 {Bundle[mParcelledData.dataSize=40]}]
05-12 20:32:09.917 D/Stumbler_adcastReceiver(29418): Computed distance: 68.1120376586914
05-12 20:32:09.918 D/Stumbler_adcastReceiver(29418): Pref distance: 50
05-12 20:32:09.918 D/Stumbler_adcastReceiver(29418): Received new location exceeding distance changed in meters pref
05-12 20:32:09.918 D/Stumbler_adcastReceiver(29418): Scheduled timeout check for 120.0 seconds
05-12 20:32:09.928 D/Stumbler_lemetryWrapper(29418): Class not found!
05-12 20:32:10.912 D/Stumbler_WifiScanner(29418): WiFi Scanning Timer fired
05-12 20:32:13.850 D/Stumbler_GPSScanner(29418): New location: Location[gps 43.642556,-79.375168 acc=9 et=+6h32m16s616ms alt=33.0 vel=9.34 bear=153.4 {Bundle[mParcelledData.dataSize=40]}]
05-12 20:32:13.891 D/Stumbler_adcastReceiver(29418): Computed distance: 38.03754806518555
05-12 20:32:13.891 D/Stumbler_adcastReceiver(29418): Pref distance: 50
05-12 20:32:13.891 D/Stumbler_adcastReceiver(29418): Last loc. age: 3.974 s, (1431477133-1431477129, max age: 120.0)
05-12 20:32:13.891 D/Stumbler_adcastReceiver(29418): Scheduled timeout check for 120.0 seconds
05-12 20:32:13.900 D/Stumbler_lemetryWrapper(29418): Class not found!
05-12 20:32:14.912 D/Stumbler_WifiScanner(29418): WiFi Scanning Timer fired
05-12 20:32:17.881 D/Stumbler_GPSScanner(29418): New location: Location[gps 43.642294,-79.374910 acc=20 et=+6h32m20s645ms alt=33.0 vel=8.88 bear=140.7 {Bundle[mParcelledData.dataSize=40]}]
05-12 20:32:17.946 D/Stumbler_adcastReceiver(29418): Computed distance: 72.98060607910156
05-12 20:32:17.946 D/Stumbler_adcastReceiver(29418): Pref distance: 50
05-12 20:32:17.946 D/Stumbler_adcastReceiver(29418): Received new location exceeding distance changed in meters pref
05-12 20:32:17.946 D/Stumbler_adcastReceiver(29418): Scheduled timeout check for 120.0 seconds
05-12 20:32:17.962 D/Stumbler_lemetryWrapper(29418): Class not found!
05-12 20:32:18.284 I/Stumbler_ocationService(29418): Sending back location: {"location":{"lat":"43.64501961","lng":"-79.377593994"},"accuracy":"150"}
05-12 20:32:18.284 I/Stumbler_AsyncGeolocate(29418): Using offline location fixing!
05-12 20:32:18.288 I/Stumbler_ocationService(29418): Offline location started!
05-12 20:32:18.288 I/Stumbler_ocationService(29418): Start BSSID for offline geo
05-12 20:32:18.289 I/Stumbler_ocationService(29418): Using BSSID = [0021594b7ee0] 
05-12 20:32:18.289 I/Stumbler_ocationService(29418): Using BSSID = [00253c27c861] 
05-12 20:32:18.301 I/Stumbler_ocationService(29418): Using BSSID = [04a1512e6029] 
05-12 20:32:18.304 I/Stumbler_ocationService(29418): Using BSSID = [0627220b103d] 
05-12 20:32:18.308 I/Stumbler_ocationService(29418): Using BSSID = [08606ee94082] 
05-12 20:32:18.308 I/Stumbler_ocationService(29418): Using BSSID = [08edb9592971] 
05-12 20:32:18.308 I/Stumbler_ocationService(29418): Using BSSID = [0c473dc27f18] 
05-12 20:32:18.308 I/Stumbler_ocationService(29418): Using BSSID = [0c473dc72608] 
05-12 20:32:18.312 I/Stumbler_ocationService(29418): Using BSSID = [0c473de888e8] 
05-12 20:32:18.321 I/Stumbler_ocationService(29418): Using BSSID = [0c473de94038] 
05-12 20:32:18.328 I/Stumbler_ocationService(29418): Using BSSID = [0c473de9403c] 
05-12 20:32:18.334 I/Stumbler_ocationService(29418): Using BSSID = [0e473de8ebc8] 
05-12 20:32:18.338 I/Stumbler_ocationService(29418): Using BSSID = [109add892adb] 
05-12 20:32:18.339 I/Stumbler_ocationService(29418): Using BSSID = [10bd18ea3c40] 
05-12 20:32:18.339 I/Stumbler_ocationService(29418): Using BSSID = [181e7803caf6] 
05-12 20:32:18.339 I/Stumbler_ocationService(29418): Using BSSID = [22027126df5a] 
05-12 20:32:18.344 I/Stumbler_ocationService(29418): Using BSSID = [40f201e9ace7] 
05-12 20:32:18.344 I/Stumbler_ocationService(29418): Using BSSID = [50465d6c24f8] 
05-12 20:32:18.348 I/Stumbler_ocationService(29418): Using BSSID = [5404a6d2ad52] 
05-12 20:32:18.352 I/Stumbler_ocationService(29418): Using BSSID = [68b6fccde748] 
05-12 20:32:18.358 I/Stumbler_ocationService(29418): Using BSSID = [68b6fccde749] 
05-12 20:32:18.362 I/Stumbler_ocationService(29418): Using BSSID = [7254d2578c16] 
05-12 20:32:18.366 I/Stumbler_ocationService(29418): Using BSSID = [78542efe0b30] 
05-12 20:32:18.366 I/Stumbler_ocationService(29418): Using BSSID = [78617c1e3e80] 
05-12 20:32:18.366 I/Stumbler_ocationService(29418): Using BSSID = [7a8df740eec8] 
05-12 20:32:18.370 I/Stumbler_ocationService(29418): Using BSSID = [7a8df7ea5468] 
05-12 20:32:18.373 I/Stumbler_ocationService(29418): Using BSSID = [80ea96f1cb46] 
05-12 20:32:18.373 I/Stumbler_ocationService(29418): Using BSSID = [84948c30b4b8] 
05-12 20:32:18.373 I/Stumbler_ocationService(29418): Using BSSID = [84948c372be8] 
05-12 20:32:18.374 I/Stumbler_ocationService(29418): Using BSSID = [84948c4878e8] 
05-12 20:32:18.374 I/Stumbler_ocationService(29418): Using BSSID = [84948c4f4f98] 
05-12 20:32:18.375 I/Stumbler_ocationService(29418): Using BSSID = [84948c5187f8] 
05-12 20:32:18.375 I/Stumbler_ocationService(29418): Using BSSID = [84948c52b0f8] 
05-12 20:32:18.378 I/Stumbler_ocationService(29418): Using BSSID = [84948c568ac8] 
05-12 20:32:18.379 I/Stumbler_ocationService(29418): Using BSSID = [84948c568acc] 
05-12 20:32:18.379 I/Stumbler_ocationService(29418): Using BSSID = [84948c92b838] 
05-12 20:32:18.380 I/Stumbler_ocationService(29418): Using BSSID = [84948c9480d8] 
05-12 20:32:18.381 I/Stumbler_ocationService(29418): Using BSSID = [84948c9480dc] 
05-12 20:32:18.381 I/Stumbler_ocationService(29418): Using BSSID = [84948cc96438] 
05-12 20:32:18.382 I/Stumbler_ocationService(29418): Using BSSID = [84948ccf05e8] 
05-12 20:32:18.382 I/Stumbler_ocationService(29418): Using BSSID = [84948cd12e38] 
05-12 20:32:18.382 I/Stumbler_ocationService(29418): Using BSSID = [84948cd12e3c] 
05-12 20:32:18.382 I/Stumbler_ocationService(29418): Using BSSID = [86948c372be8] 
05-12 20:32:18.383 I/Stumbler_ocationService(29418): Using BSSID = [86948c4c47b8] 
05-12 20:32:18.387 I/Stumbler_ocationService(29418): Using BSSID = [86948c568ac8] 
05-12 20:32:18.391 I/Stumbler_ocationService(29418): Using BSSID = [881fa12f5494] 
05-12 20:32:18.391 I/Stumbler_ocationService(29418): Using BSSID = [94103e00254a] 
05-12 20:32:18.392 I/Stumbler_ocationService(29418): Using BSSID = [9cd36db95a57] 
05-12 20:32:18.397 I/Stumbler_ocationService(29418): Using BSSID = [bc4dfb756f28] 
05-12 20:32:18.398 I/Stumbler_ocationService(29418): Using BSSID = [bc4dfb756f2b] 
05-12 20:32:18.398 I/Stumbler_ocationService(29418): Using BSSID = [bcee7b7a3280] 
05-12 20:32:18.399 I/Stumbler_ocationService(29418): Using BSSID = [c03f0e56ba10] 
05-12 20:32:18.402 I/Stumbler_ocationService(29418): Using BSSID = [c4a81d868186] 
05-12 20:32:18.406 I/Stumbler_ocationService(29418): Using BSSID = [c8b373053f87] 
05-12 20:32:18.418 I/Stumbler_ocationService(29418): Using BSSID = [d4ca6d8daaaa] 
05-12 20:32:18.418 I/Stumbler_ocationService(29418): Using BSSID = [d4ca6d992dd5] 
05-12 20:32:18.419 I/Stumbler_ocationService(29418): Using BSSID = [d86ce914d153] 
05-12 20:32:18.426 I/Stumbler_ocationService(29418): Using BSSID = [da6ce914d153] 
05-12 20:32:18.433 I/Stumbler_ocationService(29418): Using BSSID = [e03f49045c98] 
05-12 20:32:18.442 I/Stumbler_ocationService(29418): Using BSSID = [e840f29c9c89] 
05-12 20:32:18.447 I/Stumbler_ocationService(29418): Using BSSID = [ea40f20fb3e6] 
05-12 20:32:18.447 I/Stumbler_ocationService(29418): Using BSSID = [f08261f506ce] 
05-12 20:32:18.457 I/Stumbler_ocationService(29418): Using BSSID = [f08261f6045e] 
05-12 20:32:18.457 I/Stumbler_ocationService(29418): END BSSID for offline geo
05-12 20:32:18.459 I/Stumbler_ocationService(29418): Unique solution found: [28272]
05-12 20:32:18.915 D/Stumbler_WifiScanner(29418): WiFi Scanning Timer fired
05-12 20:32:19.306 W/PackageManager( 1144): Failure retrieving resources for org.mozilla.mozstumbler.debug: Resource ID #0x0
05-12 20:32:19.330 D/Stumbler_loaderDelegate(29418): Got a response: 200
05-12 20:32:19.334 D/Stumbler_loaderDelegate(29418): serializableTile == org.mozilla.osmdroid.tileprovider.modules.SerializableTile@2fced2fa
05-12 20:32:19.336 D/Stumbler_RUMapTileCache(29418): Remove old tile: /18/73268/95680
05-12 20:32:19.346 D/Stumbler_MapFragment(29418): onPause
05-12 20:32:19.387 W/PackageManager( 1144): Failure retrieving resources for org.mozilla.mozstumbler.debug: Resource ID #0x0
05-12 20:32:19.460 I/Stumbler_StorageManager(29418): Preparing to write to : [/data/data/org.mozilla.mozstumbler.debug/files/reports/reports-t1431477139460-r5-w385-c9.gz]
05-12 20:32:19.461 D/StumblerFiles(29418): reports-t1431477048783-r2-w57-c6.gz
05-12 20:32:19.461 D/StumblerFiles(29418): reports-t1431477095080-r4-w250-c9.gz
05-12 20:32:19.461 D/StumblerFiles(29418): reports-t1431477139460-r5-w385-c9.gz
05-12 20:32:19.496 D/Stumbler_loaderDelegate(29418): Got a response: 200
05-12 20:32:19.533 D/Stumbler_loaderDelegate(29418): serializableTile == org.mozilla.osmdroid.tileprovider.modules.SerializableTile@6b430ab
05-12 20:32:19.535 D/Stumbler_RUMapTileCache(29418): Remove old tile: /18/73268/95681
05-12 20:32:19.580 D/Stumbler_loaderDelegate(29418): Got a response: 200
05-12 20:32:19.582 D/Stumbler_loaderDelegate(29418): serializableTile == org.mozilla.osmdroid.tileprovider.modules.SerializableTile@10cf0308
05-12 20:32:19.584 D/Stumbler_RUMapTileCache(29418): Remove old tile: /18/73268/95682
05-12 20:32:19.664 D/Stumbler_loaderDelegate(29418): Got a response: 200
05-12 20:32:19.669 D/Stumbler_loaderDelegate(29418): serializableTile == org.mozilla.osmdroid.tileprovider.modules.SerializableTile@1b40eaa1
05-12 20:32:19.670 D/Stumbler_RUMapTileCache(29418): Remove old tile: /18/73269/95675
05-12 20:32:20.147 D/Stumbler_loaderDelegate(29418): Got a response: 200
05-12 20:32:20.149 D/Stumbler_loaderDelegate(29418): serializableTile == org.mozilla.osmdroid.tileprovider.modules.SerializableTile@3ba724c6
05-12 20:32:20.150 D/Stumbler_RUMapTileCache(29418): Remove old tile: /18/73270/95675
05-12 20:32:20.387 D/Stumbler_loaderDelegate(29418): Got a response: 200
05-12 20:32:20.392 D/Stumbler_loaderDelegate(29418): serializableTile == org.mozilla.osmdroid.tileprovider.modules.SerializableTile@a832c87
05-12 20:32:20.401 D/Stumbler_RUMapTileCache(29418): Remove old tile: /18/73271/95675
05-12 20:32:20.853 D/Stumbler_loaderDelegate(29418): Got a response: 200
05-12 20:32:20.854 E/StrictMode(29418): 	at org.mozilla.mozstumbler.service.core.offline.OrderedCityTiles.parse_csv(OrderedCityTiles.java:34)
05-12 20:32:20.854 E/StrictMode(29418): 	at org.mozilla.mozstumbler.service.core.offline.OrderedCityTiles.<init>(OrderedCityTiles.java:26)
05-12 20:32:20.854 E/StrictMode(29418): 	at org.mozilla.mozstumbler.service.core.offline.LocationService.locationFix(LocationService.java:194)
05-12 20:32:20.854 E/StrictMode(29418): 	at org.mozilla.mozstumbler.service.core.offline.LocationService.search(LocationService.java:111)
05-12 20:32:20.854 E/StrictMode(29418): 	at org.mozilla.mozstumbler.svclocator.DynamicProxy.invoke(DynamicProxy.java:89)
05-12 20:32:20.854 E/StrictMode(29418): 	at org.mozilla.mozstumbler.client.mapview.AsyncGeolocate.doInBackground(AsyncGeolocate.java:68)
05-12 20:32:20.854 E/StrictMode(29418): 	at org.mozilla.mozstumbler.client.mapview.AsyncGeolocate.doInBackground(AsyncGeolocate.java:26)
05-12 20:32:20.855 D/Stumbler_loaderDelegate(29418): serializableTile == org.mozilla.osmdroid.tileprovider.modules.SerializableTile@28d547b4
05-12 20:32:20.856 D/Stumbler_RUMapTileCache(29418): Remove old tile: /18/73272/95675
05-12 20:32:21.293 D/Stumbler_loaderDelegate(29418): Got a response: 200
05-12 20:32:21.297 D/Stumbler_loaderDelegate(29418): serializableTile == org.mozilla.osmdroid.tileprovider.modules.SerializableTile@7e08fdd
05-12 20:32:21.298 D/Stumbler_RUMapTileCache(29418): Remove old tile: /18/73273/95675
05-12 20:32:22.915 D/Stumbler_WifiScanner(29418): WiFi Scanning Timer fired
05-12 20:32:26.916 D/Stumbler_WifiScanner(29418): Deactivate periodic scan
05-12 20:32:26.916 D/WifiService(  792): releaseWifiLockLocked: WifiLock{MozStumbler type=2 binder=android.os.BinderProxy@3c5a0b4c}
05-12 20:32:29.855 D/Stumbler_GPSScanner(29418): New location: Location[gps 43.642088,-79.374643 acc=14 et=+6h32m32s627ms alt=70.0 vel=2.03 bear=116.3 {Bundle[mParcelledData.dataSize=40]}]
05-12 20:32:29.855 D/Stumbler_adcastReceiver(29418): Computed distance: 31.48042106628418
05-12 20:32:29.856 D/Stumbler_adcastReceiver(29418): Pref distance: 50
05-12 20:32:29.856 D/Stumbler_adcastReceiver(29418): Last loc. age: 11.91 s, (1431477149-1431477137, max age: 120.0)
