05-12 20:32:29.856 D/Stumbler_adcastReceiver(29418): Scheduled timeout check for 120.0 seconds
05-12 20:32:29.856 D/Stumbler_WifiScanner(29418): Activate Periodic Scan
05-12 20:32:29.857 D/WifiService(  792): acquireWifiLockLocked: WifiLock{MozStumbler type=2 binder=android.os.BinderProxy@3b59b7b3}
05-12 20:32:29.860 D/Stumbler_WifiScanner(29418): WiFi Scanning Timer fired
05-12 20:32:29.874 D/Stumbler_lemetryWrapper(29418): Class not found!
05-12 20:32:31.252 I/Stumbler_ocationService(29418): Sending back location: {"location":{"lat":"43.644025848","lng":"-79.378967285"},"accuracy":"150"}
05-12 20:32:31.252 I/Stumbler_AsyncGeolocate(29418): Using offline location fixing!
05-12 20:32:31.253 I/Stumbler_ocationService(29418): Offline location started!
05-12 20:32:31.254 I/Stumbler_ocationService(29418): Start BSSID for offline geo
05-12 20:32:31.254 I/Stumbler_ocationService(29418): Using BSSID = [000d6700605f] 
05-12 20:32:31.254 I/Stumbler_ocationService(29418): Using BSSID = [000d670073f2] 
05-12 20:32:31.254 I/Stumbler_ocationService(29418): Using BSSID = [000d6708f370] 
05-12 20:32:31.254 I/Stumbler_ocationService(29418): Using BSSID = [0011928d9480] 
05-12 20:32:31.254 I/Stumbler_ocationService(29418): Using BSSID = [08bd4353a9ee] 
05-12 20:32:31.254 I/Stumbler_ocationService(29418): Using BSSID = [0c473d74f188] 
05-12 20:32:31.254 I/Stumbler_ocationService(29418): Using BSSID = [0c473dad8029] 
05-12 20:32:31.254 I/Stumbler_ocationService(29418): Using BSSID = [0c473dd22678] 
05-12 20:32:31.254 I/Stumbler_ocationService(29418): Using BSSID = [20aa4b7e830f] 
05-12 20:32:31.255 I/Stumbler_ocationService(29418): Using BSSID = [40f201e60a91] 
05-12 20:32:31.255 I/Stumbler_ocationService(29418): Using BSSID = [50a73311d928] 
05-12 20:32:31.255 I/Stumbler_ocationService(29418): Using BSSID = [6815903be516] 
05-12 20:32:31.255 I/Stumbler_ocationService(29418): Using BSSID = [84948c487b28] 
05-12 20:32:31.256 I/Stumbler_ocationService(29418): Using BSSID = [84948c94b228] 
05-12 20:32:31.256 I/Stumbler_ocationService(29418): Using BSSID = [ac220bcf8ae8] 
05-12 20:32:31.256 I/Stumbler_ocationService(29418): Using BSSID = [b88d12607967] 
05-12 20:32:31.256 I/Stumbler_ocationService(29418): Using BSSID = [ba8d12607968] 
05-12 20:32:31.256 I/Stumbler_ocationService(29418): Using BSSID = [c4017c1664e8] 
05-12 20:32:31.256 I/Stumbler_ocationService(29418): Using BSSID = [c4017c5664e8] 
05-12 20:32:31.256 I/Stumbler_ocationService(29418): Using BSSID = [c40acba0a550] 
05-12 20:32:31.256 I/Stumbler_ocationService(29418): Using BSSID = [c40acba0a551] 
05-12 20:32:31.256 I/Stumbler_ocationService(29418): Using BSSID = [d4ca6d8daaaa] 
05-12 20:32:31.256 I/Stumbler_ocationService(29418): Using BSSID = [d4ca6d992dd5] 
05-12 20:32:31.256 I/Stumbler_ocationService(29418): END BSSID for offline geo
05-12 20:32:31.257 I/Stumbler_ocationService(29418): Can't find any solution to this set of BSSIDS
05-12 20:32:31.257 I/Stumbler_AsyncGeolocate(29418): Error processing search request
05-12 20:32:31.257 I/Stumbler_AsyncGeolocate(29418): Using offline location fixing!
05-12 20:32:31.259 I/Stumbler_ocationService(29418): Offline location started!
05-12 20:32:31.259 I/Stumbler_ocationService(29418): Start BSSID for offline geo
05-12 20:32:31.259 I/Stumbler_ocationService(29418): Using BSSID = [000d670074f2] 
05-12 20:32:31.259 I/Stumbler_ocationService(29418): Using BSSID = [000d670076fe] 
05-12 20:32:31.259 I/Stumbler_ocationService(29418): Using BSSID = [0011928d9480] 
05-12 20:32:31.259 I/Stumbler_ocationService(29418): Using BSSID = [0026bb785765] 
05-12 20:32:31.260 I/Stumbler_ocationService(29418): Using BSSID = [0026f3a1d53a] 
05-12 20:32:31.260 I/Stumbler_ocationService(29418): Using BSSID = [0228e83a3936] 
05-12 20:32:31.260 I/Stumbler_ocationService(29418): Using BSSID = [0626bb785765] 
05-12 20:32:31.260 I/Stumbler_ocationService(29418): Using BSSID = [08bd4353a9ee] 
05-12 20:32:31.260 I/Stumbler_ocationService(29418): Using BSSID = [0e473dd22678] 
05-12 20:32:31.260 I/Stumbler_ocationService(29418): Using BSSID = [1ce6c75a29d0] 
05-12 20:32:31.261 I/Stumbler_ocationService(29418): Using BSSID = [20aa4b7e830f] 
05-12 20:32:31.261 I/Stumbler_ocationService(29418): Using BSSID = [34a84eba3740] 
05-12 20:32:31.261 I/Stumbler_ocationService(29418): Using BSSID = [5856e82bcae1] 
05-12 20:32:31.261 I/Stumbler_ocationService(29418): Using BSSID = [6815903be516] 
05-12 20:32:31.261 I/Stumbler_ocationService(29418): Using BSSID = [84948c49c3c8] 
05-12 20:32:31.261 I/Stumbler_ocationService(29418): Using BSSID = [84948c4d30f8] 
05-12 20:32:31.261 I/Stumbler_ocationService(29418): Using BSSID = [84948c93efec] 
05-12 20:32:31.261 I/Stumbler_ocationService(29418): Using BSSID = [84948c94b228] 
05-12 20:32:31.262 I/Stumbler_ocationService(29418): Using BSSID = [86948c5987e8] 
05-12 20:32:31.262 I/Stumbler_ocationService(29418): Using BSSID = [86948c94b228] 
05-12 20:32:31.262 I/Stumbler_ocationService(29418): Using BSSID = [b88d12607967] 
05-12 20:32:31.262 I/Stumbler_ocationService(29418): Using BSSID = [ba8d12607968] 
05-12 20:32:31.263 I/Stumbler_ocationService(29418): Using BSSID = [bcee7b7a3280] 
05-12 20:32:31.263 I/Stumbler_ocationService(29418): Using BSSID = [c4017c1664e8] 
05-12 20:32:31.263 I/Stumbler_ocationService(29418): Using BSSID = [c4017c5664e8] 
05-12 20:32:31.263 I/Stumbler_ocationService(29418): Using BSSID = [c40acba0a550] 
05-12 20:32:31.263 I/Stumbler_ocationService(29418): Using BSSID = [c40acba0a551] 
05-12 20:32:31.263 I/Stumbler_ocationService(29418): Using BSSID = [c40acba0a553] 
05-12 20:32:31.264 I/Stumbler_ocationService(29418): Using BSSID = [c40acba0a554] 
05-12 20:32:31.264 I/Stumbler_ocationService(29418): Using BSSID = [d4ca6d8daaaa] 
05-12 20:32:31.264 I/Stumbler_ocationService(29418): Using BSSID = [fa8fca63e463] 
05-12 20:32:31.264 I/Stumbler_ocationService(29418): END BSSID for offline geo
05-12 20:32:31.264 I/Stumbler_ocationService(29418): Can't find any solution to this set of BSSIDS
05-12 20:32:31.264 I/Stumbler_AsyncGeolocate(29418): Error processing search request
05-12 20:32:31.269 I/Stumbler_AsyncGeolocate(29418): Using offline location fixing!
05-12 20:32:31.270 I/Stumbler_ocationService(29418): Offline location started!
05-12 20:32:31.284 I/Stumbler_ocationService(29418): Start BSSID for offline geo
05-12 20:32:31.284 I/Stumbler_ocationService(29418): Using BSSID = [000d6700605f] 
05-12 20:32:31.284 I/Stumbler_ocationService(29418): Using BSSID = [000d670074f2] 
05-12 20:32:31.284 I/Stumbler_ocationService(29418): Using BSSID = [0011928d9480] 
05-12 20:32:31.285 I/Stumbler_ocationService(29418): Using BSSID = [0222d24afce9] 
05-12 20:32:31.285 I/Stumbler_ocationService(29418): Using BSSID = [08bd4353a9ee] 
05-12 20:32:31.287 I/Stumbler_ocationService(29418): Using BSSID = [0c473d74f188] 
05-12 20:32:31.287 I/Stumbler_ocationService(29418): Using BSSID = [20aa4b7e830f] 
05-12 20:32:31.287 I/Stumbler_ocationService(29418): Using BSSID = [c4017c1664e8] 
05-12 20:32:31.287 I/Stumbler_ocationService(29418): Using BSSID = [c4017c5664e8] 
05-12 20:32:31.287 I/Stumbler_ocationService(29418): Using BSSID = [c40acba0a551] 
05-12 20:32:31.287 I/Stumbler_ocationService(29418): END BSSID for offline geo
05-12 20:32:31.288 I/Stumbler_ocationService(29418): Can't find any solution to this set of BSSIDS
05-12 20:32:31.288 I/Stumbler_AsyncGeolocate(29418): Error processing search request
05-12 20:32:31.289 I/Stumbler_AsyncGeolocate(29418): Using offline location fixing!
05-12 20:32:31.291 I/Stumbler_ocationService(29418): Offline location started!
05-12 20:32:31.291 I/Stumbler_ocationService(29418): Start BSSID for offline geo
05-12 20:32:31.292 I/Stumbler_ocationService(29418): Using BSSID = [000d6700605f] 
05-12 20:32:31.292 I/Stumbler_ocationService(29418): Using BSSID = [0011928d9480] 
05-12 20:32:31.292 I/Stumbler_ocationService(29418): Using BSSID = [0222d24afce9] 
05-12 20:32:31.292 I/Stumbler_ocationService(29418): Using BSSID = [08bd4353a9ee] 
05-12 20:32:31.292 I/Stumbler_ocationService(29418): Using BSSID = [0c473d74f188] 
05-12 20:32:31.292 I/Stumbler_ocationService(29418): END BSSID for offline geo
05-12 20:32:31.293 I/Stumbler_ocationService(29418): Can't find any solution to this set of BSSIDS
05-12 20:32:31.293 I/Stumbler_AsyncGeolocate(29418): Error processing search request
05-12 20:32:31.294 I/Stumbler_AsyncGeolocate(29418): Using offline location fixing!
05-12 20:32:31.295 I/Stumbler_ocationService(29418): Offline location started!
05-12 20:32:31.295 I/Stumbler_ocationService(29418): Start BSSID for offline geo
05-12 20:32:31.295 I/Stumbler_ocationService(29418): Using BSSID = [000d6700605f] 
05-12 20:32:31.295 I/Stumbler_ocationService(29418): Using BSSID = [0011928d9480] 
05-12 20:32:31.295 I/Stumbler_ocationService(29418): Using BSSID = [0222d24afce9] 
05-12 20:32:31.295 I/Stumbler_ocationService(29418): Using BSSID = [08bd4353a9ee] 
05-12 20:32:31.295 I/Stumbler_ocationService(29418): Using BSSID = [0c473d74f188] 
05-12 20:32:31.295 I/Stumbler_ocationService(29418): Using BSSID = [c4017c1664e8] 
05-12 20:32:31.295 I/Stumbler_ocationService(29418): Using BSSID = [c4017c5664e8] 
05-12 20:32:31.295 I/Stumbler_ocationService(29418): END BSSID for offline geo
05-12 20:32:31.296 I/Stumbler_ocationService(29418): Can't find any solution to this set of BSSIDS
05-12 20:32:31.296 I/Stumbler_AsyncGeolocate(29418): Error processing search request
05-12 20:32:31.297 I/Stumbler_AsyncGeolocate(29418): Using offline location fixing!
05-12 20:32:31.301 I/Stumbler_ocationService(29418): Offline location started!
05-12 20:32:31.301 I/Stumbler_ocationService(29418): Start BSSID for offline geo
05-12 20:32:31.301 I/Stumbler_ocationService(29418): Using BSSID = [00026fe6e24a] 
05-12 20:32:31.309 I/Stumbler_ocationService(29418): Using BSSID = [00198824b37f] 
05-12 20:32:31.310 I/Stumbler_ocationService(29418): Using BSSID = [0021594b7ee0] 
05-12 20:32:31.310 I/Stumbler_ocationService(29418): Using BSSID = [00222dd7c50d] 
05-12 20:32:31.312 I/Stumbler_ocationService(29418): Using BSSID = [00253c27c861] 
05-12 20:32:31.312 I/Stumbler_ocationService(29418): Using BSSID = [04a1512e6029] 
05-12 20:32:31.313 I/Stumbler_ocationService(29418): Using BSSID = [0627220b103d] 
05-12 20:32:31.313 I/Stumbler_ocationService(29418): Using BSSID = [08606ee94082] 
05-12 20:32:31.313 I/Stumbler_ocationService(29418): Using BSSID = [08edb9592971] 
05-12 20:32:31.314 I/Stumbler_ocationService(29418): Using BSSID = [0c473dc27f18] 
05-12 20:32:31.314 I/Stumbler_ocationService(29418): Using BSSID = [0c473dc72608] 
05-12 20:32:31.314 I/Stumbler_ocationService(29418): Using BSSID = [0c473dd35ba8] 
05-12 20:32:31.319 I/Stumbler_ocationService(29418): Using BSSID = [0c473de888e8] 
05-12 20:32:31.319 I/Stumbler_ocationService(29418): Using BSSID = [0c473de94038] 
05-12 20:32:31.319 I/Stumbler_ocationService(29418): Using BSSID = [0c473de9403c] 
05-12 20:32:31.320 I/Stumbler_ocationService(29418): Using BSSID = [0e473de8ebc8] 
05-12 20:32:31.320 I/Stumbler_ocationService(29418): Using BSSID = [109add892adb] 
05-12 20:32:31.320 I/Stumbler_ocationService(29418): Using BSSID = [10bd18ea3c40] 
05-12 20:32:31.320 I/Stumbler_ocationService(29418): Using BSSID = [181e7803caf6] 
05-12 20:32:31.320 I/Stumbler_ocationService(29418): Using BSSID = [18622cdb576a] 
05-12 20:32:31.321 I/Stumbler_ocationService(29418): Using BSSID = [189c5d38b3c0] 
05-12 20:32:31.333 I/Stumbler_ocationService(29418): Using BSSID = [189c5d38b3c1] 
05-12 20:32:31.340 I/Stumbler_ocationService(29418): Using BSSID = [22027126df5a] 
05-12 20:32:31.341 I/Stumbler_ocationService(29418): Using BSSID = [28924a5cd231] 
05-12 20:32:31.341 I/Stumbler_ocationService(29418): Using BSSID = [386077e97cb1] 
05-12 20:32:31.351 I/Stumbler_ocationService(29418): Using BSSID = [3a6077e97cb2] 
05-12 20:32:31.355 I/Stumbler_ocationService(29418): Using BSSID = [40f201e9ace7] 
05-12 20:32:31.355 I/Stumbler_ocationService(29418): Using BSSID = [40f201ea26df] 
05-12 20:32:31.355 I/Stumbler_ocationService(29418): Using BSSID = [50465d6c24f8] 
05-12 20:32:31.355 I/Stumbler_ocationService(29418): Using BSSID = [5404a6d2ad52] 
05-12 20:32:31.356 I/Stumbler_ocationService(29418): Using BSSID = [640f281bc5e9] 
05-12 20:32:31.360 I/Stumbler_ocationService(29418): Using BSSID = [6815903c3aa6] 
05-12 20:32:31.360 I/Stumbler_ocationService(29418): Using BSSID = [68b6fccde748] 
05-12 20:32:31.361 I/Stumbler_ocationService(29418): Using BSSID = [68b6fccde749] 
05-12 20:32:31.361 I/Stumbler_ocationService(29418): Using BSSID = [6a7a97a9bd48] 
05-12 20:32:31.367 I/Stumbler_ocationService(29418): Using BSSID = [7254d2578c16] 
05-12 20:32:31.367 I/Stumbler_ocationService(29418): Using BSSID = [78542efe0b30] 
05-12 20:32:31.367 I/Stumbler_ocationService(29418): Using BSSID = [78617c1e3e80] 
05-12 20:32:31.367 I/Stumbler_ocationService(29418): Using BSSID = [788df7234a68] 
05-12 20:32:31.372 I/Stumbler_ocationService(29418): Using BSSID = [7a8df740eec8] 
05-12 20:32:31.373 I/Stumbler_ocationService(29418): Using BSSID = [7a8df7ea5468] 
05-12 20:32:31.373 I/Stumbler_ocationService(29418): Using BSSID = [84948c30b4b8] 
05-12 20:32:31.374 I/Stumbler_ocationService(29418): Using BSSID = [84948c4878e8] 
05-12 20:32:31.374 I/Stumbler_ocationService(29418): Using BSSID = [84948c4c47b8] 
05-12 20:32:31.378 I/Stumbler_ocationService(29418): Using BSSID = [84948c5187f8] 
05-12 20:32:31.378 I/Stumbler_ocationService(29418): Using BSSID = [84948c52b0f8] 
05-12 20:32:31.379 I/Stumbler_ocationService(29418): Using BSSID = [84948c54dee8] 
05-12 20:32:31.382 I/Stumbler_ocationService(29418): Using BSSID = [84948c564688] 
05-12 20:32:31.382 I/Stumbler_ocationService(29418): Using BSSID = [84948c568ac8] 
05-12 20:32:31.383 I/Stumbler_ocationService(29418): Using BSSID = [84948c568acc] 
05-12 20:32:31.383 I/Stumbler_ocationService(29418): Using BSSID = [84948c92b838] 
05-12 20:32:31.384 I/Stumbler_ocationService(29418): Using BSSID = [84948c9480d8] 
05-12 20:32:31.384 I/Stumbler_ocationService(29418): Using BSSID = [84948c9480dc] 
05-12 20:32:31.384 I/Stumbler_ocationService(29418): Using BSSID = [84948cc96438] 
05-12 20:32:31.385 I/Stumbler_ocationService(29418): Using BSSID = [84948ccf05e8] 
05-12 20:32:31.385 I/Stumbler_ocationService(29418): Using BSSID = [84948cd12e38] 
05-12 20:32:31.385 I/Stumbler_ocationService(29418): Using BSSID = [84948cd12e3c] 
05-12 20:32:31.385 I/Stumbler_ocationService(29418): Using BSSID = [86948c372be8] 
05-12 20:32:31.386 I/Stumbler_ocationService(29418): Using BSSID = [86948c4c47b8] 
05-12 20:32:31.386 I/Stumbler_ocationService(29418): Using BSSID = [86948c568ac8] 
05-12 20:32:31.386 I/Stumbler_ocationService(29418): Using BSSID = [88dc96296e6a] 
05-12 20:32:31.386 I/Stumbler_ocationService(29418): Using BSSID = [94103e00254a] 
05-12 20:32:31.386 I/Stumbler_ocationService(29418): Using BSSID = [9cd36db95a57] 
05-12 20:32:31.387 I/Stumbler_ocationService(29418): Using BSSID = [9cd643d2b618] 
05-12 20:32:31.391 I/Stumbler_ocationService(29418): Using BSSID = [a021b7bfc53a] 
05-12 20:32:31.400 I/Stumbler_ocationService(29418): Using BSSID = [bc1401e23629] 
05-12 20:32:31.405 I/Stumbler_ocationService(29418): Using BSSID = [bc1401e951f8] 
05-12 20:32:31.412 I/Stumbler_ocationService(29418): Using BSSID = [bc4dfb291118] 
05-12 20:32:31.415 I/Stumbler_ocationService(29418): Using BSSID = [bc4dfb756f28] 
05-12 20:32:31.416 I/Stumbler_ocationService(29418): Using BSSID = [bc4dfb756f2b] 
05-12 20:32:31.416 I/Stumbler_ocationService(29418): Using BSSID = [bcee7b7a3280] 
05-12 20:32:31.416 I/Stumbler_ocationService(29418): Using BSSID = [c03f0e56ba10] 
05-12 20:32:31.416 I/Stumbler_ocationService(29418): Using BSSID = [c0a0bbe39958] 
05-12 20:32:31.420 I/Stumbler_ocationService(29418): Using BSSID = [c29fdbf7ffea] 
05-12 20:32:31.425 I/Stumbler_ocationService(29418): Using BSSID = [c4a81d868186] 
05-12 20:32:31.425 I/Stumbler_ocationService(29418): Using BSSID = [c69fdbf7ffea] 
05-12 20:32:31.430 I/Stumbler_ocationService(29418): Using BSSID = [c8b373053f87] 
05-12 20:32:31.430 I/Stumbler_ocationService(29418): Using BSSID = [d4ca6d8daaaa] 
05-12 20:32:31.430 I/Stumbler_ocationService(29418): Using BSSID = [d4ca6d992dd5] 
05-12 20:32:31.430 I/Stumbler_ocationService(29418): Using BSSID = [d86ce914d153] 
05-12 20:32:31.430 I/Stumbler_ocationService(29418): Using BSSID = [da6ce914d153] 
05-12 20:32:31.431 I/Stumbler_ocationService(29418): Using BSSID = [e03f49045c98] 
05-12 20:32:31.431 I/Stumbler_ocationService(29418): Using BSSID = [e840f29c9c89] 
05-12 20:32:31.431 I/Stumbler_ocationService(29418): Using BSSID = [ea40f20fb3e6] 
05-12 20:32:31.432 I/Stumbler_ocationService(29418): Using BSSID = [f08261f506ce] 
05-12 20:32:31.432 I/Stumbler_ocationService(29418): Using BSSID = [f08261f6045e] 
05-12 20:32:31.432 I/Stumbler_ocationService(29418): END BSSID for offline geo
05-12 20:32:31.433 I/Stumbler_ocationService(29418): Unique solution found: [28272]
05-12 20:32:31.907 E/StrictMode(29418): 	at org.mozilla.mozstumbler.service.core.offline.OrderedCityTiles.parse_csv(OrderedCityTiles.java:34)
05-12 20:32:31.907 E/StrictMode(29418): 	at org.mozilla.mozstumbler.service.core.offline.OrderedCityTiles.<init>(OrderedCityTiles.java:26)
05-12 20:32:31.907 E/StrictMode(29418): 	at org.mozilla.mozstumbler.service.core.offline.LocationService.locationFix(LocationService.java:194)
05-12 20:32:31.907 E/StrictMode(29418): 	at org.mozilla.mozstumbler.service.core.offline.LocationService.search(LocationService.java:111)
05-12 20:32:31.907 E/StrictMode(29418): 	at org.mozilla.mozstumbler.svclocator.DynamicProxy.invoke(DynamicProxy.java:89)
05-12 20:32:31.907 E/StrictMode(29418): 	at org.mozilla.mozstumbler.client.mapview.AsyncGeolocate.doInBackground(AsyncGeolocate.java:68)
05-12 20:32:31.907 E/StrictMode(29418): 	at org.mozilla.mozstumbler.client.mapview.AsyncGeolocate.doInBackground(AsyncGeolocate.java:26)
05-12 20:32:33.860 D/Stumbler_WifiScanner(29418): WiFi Scanning Timer fired
05-12 20:32:37.861 D/Stumbler_WifiScanner(29418): Deactivate periodic scan
05-12 20:32:37.861 D/WifiService(  792): releaseWifiLockLocked: WifiLock{MozStumbler type=2 binder=android.os.BinderProxy@3b59b7b3}
05-12 20:32:39.955 D/Stumbler_GPSScanner(29418): New location: Location[gps 43.642196,-79.374172 acc=7 et=+6h32m42s682ms alt=48.0 vel=8.46 bear=55.8 {Bundle[mParcelledData.dataSize=40]}]
05-12 20:32:39.956 D/Stumbler_adcastReceiver(29418): Computed distance: 60.5158805847168
05-12 20:32:39.956 D/Stumbler_adcastReceiver(29418): Pref distance: 50
05-12 20:32:39.956 D/Stumbler_adcastReceiver(29418): Received new location exceeding distance changed in meters pref
05-12 20:32:39.956 D/Stumbler_adcastReceiver(29418): Scheduled timeout check for 120.0 seconds
05-12 20:32:39.957 D/Stumbler_WifiScanner(29418): Activate Periodic Scan
05-12 20:32:39.957 D/WifiService(  792): acquireWifiLockLocked: WifiLock{MozStumbler type=2 binder=android.os.BinderProxy@38eeb139}
05-12 20:32:39.959 D/Stumbler_WifiScanner(29418): WiFi Scanning Timer fired
05-12 20:32:39.980 D/Stumbler_lemetryWrapper(29418): Class not found!
05-12 20:32:43.850 D/Stumbler_GPSScanner(29418): New location: Location[gps 43.642381,-79.373751 acc=13 et=+6h32m46s618ms alt=46.0 vel=10.12 bear=62.0 {Bundle[mParcelledData.dataSize=40]}]
05-12 20:32:43.939 D/Stumbler_adcastReceiver(29418): Computed distance: 39.684349060058594
05-12 20:32:43.939 D/Stumbler_adcastReceiver(29418): Pref distance: 50
05-12 20:32:43.939 D/Stumbler_adcastReceiver(29418): Last loc. age: 3.983 s, (1431477163-1431477159, max age: 120.0)
05-12 20:32:43.940 D/Stumbler_adcastReceiver(29418): Scheduled timeout check for 120.0 seconds
05-12 20:32:43.959 D/Stumbler_WifiScanner(29418): WiFi Scanning Timer fired
05-12 20:32:43.961 D/Stumbler_lemetryWrapper(29418): Class not found!
05-12 20:32:46.150 I/Stumbler_ocationService(29418): Sending back location: {"location":{"lat":"43.644025848","lng":"-79.378967285"},"accuracy":"150"}
05-12 20:32:46.150 I/Stumbler_AsyncGeolocate(29418): Using offline location fixing!
05-12 20:32:46.153 I/Stumbler_ocationService(29418): Offline location started!
05-12 20:32:46.153 I/Stumbler_ocationService(29418): Start BSSID for offline geo
05-12 20:32:46.153 I/Stumbler_ocationService(29418): Using BSSID = [0021594b7ee0] 
05-12 20:32:46.154 I/Stumbler_ocationService(29418): Using BSSID = [00253c27c861] 
05-12 20:32:46.154 I/Stumbler_ocationService(29418): Using BSSID = [04a1512e6029] 
05-12 20:32:46.155 I/Stumbler_ocationService(29418): Using BSSID = [0627220b103d] 
05-12 20:32:46.155 I/Stumbler_ocationService(29418): Using BSSID = [08606ee94082] 
05-12 20:32:46.155 I/Stumbler_ocationService(29418): Using BSSID = [08edb9592971] 
05-12 20:32:46.156 I/Stumbler_ocationService(29418): Using BSSID = [0c473dc27f18] 
05-12 20:32:46.156 I/Stumbler_ocationService(29418): Using BSSID = [0c473dc72608] 
05-12 20:32:46.156 I/Stumbler_ocationService(29418): Using BSSID = [0c473dd35ba8] 
05-12 20:32:46.156 I/Stumbler_ocationService(29418): Using BSSID = [0c473de888e8] 
05-12 20:32:46.156 I/Stumbler_ocationService(29418): Using BSSID = [0c473de94038] 
05-12 20:32:46.157 I/Stumbler_ocationService(29418): Using BSSID = [0c473de9403c] 
05-12 20:32:46.157 I/Stumbler_ocationService(29418): Using BSSID = [0e473de8ebc8] 
05-12 20:32:46.158 I/Stumbler_ocationService(29418): Using BSSID = [109add892adb] 
05-12 20:32:46.159 I/Stumbler_ocationService(29418): Using BSSID = [10bd18ea3c40] 
05-12 20:32:46.159 I/Stumbler_ocationService(29418): Using BSSID = [181e7803caf6] 
05-12 20:32:46.159 I/Stumbler_ocationService(29418): Using BSSID = [18622cdb576a] 
05-12 20:32:46.159 I/Stumbler_ocationService(29418): Using BSSID = [22027126df5a] 
05-12 20:32:46.159 I/Stumbler_ocationService(29418): Using BSSID = [28924a5cd231] 
05-12 20:32:46.160 I/Stumbler_ocationService(29418): Using BSSID = [40f201e9ace7] 
05-12 20:32:46.161 I/Stumbler_ocationService(29418): Using BSSID = [40f201ea26df] 
05-12 20:32:46.161 I/Stumbler_ocationService(29418): Using BSSID = [50465d6c24f8] 
05-12 20:32:46.161 I/Stumbler_ocationService(29418): Using BSSID = [5404a6d2ad52] 
05-12 20:32:46.161 I/Stumbler_ocationService(29418): Using BSSID = [68b6fccde748] 
05-12 20:32:46.162 I/Stumbler_ocationService(29418): Using BSSID = [68b6fccde749] 
05-12 20:32:46.162 I/Stumbler_ocationService(29418): Using BSSID = [6a7a97a9bd48] 
05-12 20:32:46.162 I/Stumbler_ocationService(29418): Using BSSID = [7254d2578c16] 
05-12 20:32:46.162 I/Stumbler_ocationService(29418): Using BSSID = [78542efe0b30] 
05-12 20:32:46.162 I/Stumbler_ocationService(29418): Using BSSID = [78617c1e3e80] 
05-12 20:32:46.163 I/Stumbler_ocationService(29418): Using BSSID = [7a8df740eec8] 
05-12 20:32:46.163 I/Stumbler_ocationService(29418): Using BSSID = [7a8df7ea5468] 
05-12 20:32:46.167 I/Stumbler_ocationService(29418): Using BSSID = [84948c30b4b8] 
05-12 20:32:46.167 I/Stumbler_ocationService(29418): Using BSSID = [84948c4878e8] 
05-12 20:32:46.167 I/Stumbler_ocationService(29418): Using BSSID = [84948c4c47b8] 
05-12 20:32:46.167 I/Stumbler_ocationService(29418): Using BSSID = [84948c5187f8] 
05-12 20:32:46.167 I/Stumbler_ocationService(29418): Using BSSID = [84948c52b0f8] 
05-12 20:32:46.168 I/Stumbler_ocationService(29418): Using BSSID = [84948c54dee8] 
05-12 20:32:46.168 I/Stumbler_ocationService(29418): Using BSSID = [84948c568ac8] 
05-12 20:32:46.168 I/Stumbler_ocationService(29418): Using BSSID = [84948c568acc] 
05-12 20:32:46.170 I/Stumbler_ocationService(29418): Using BSSID = [84948c92b838] 
05-12 20:32:46.171 I/Stumbler_ocationService(29418): Using BSSID = [84948c9480d8] 
05-12 20:32:46.172 I/Stumbler_ocationService(29418): Using BSSID = [84948c9480dc] 
05-12 20:32:46.172 I/Stumbler_ocationService(29418): Using BSSID = [84948cc96438] 
05-12 20:32:46.173 I/Stumbler_ocationService(29418): Using BSSID = [84948ccf05e8] 
05-12 20:32:46.175 I/Stumbler_ocationService(29418): Using BSSID = [84948cd12e38] 
05-12 20:32:46.175 I/Stumbler_ocationService(29418): Using BSSID = [84948cd12e3c] 
05-12 20:32:46.175 I/Stumbler_ocationService(29418): Using BSSID = [86948c372be8] 
05-12 20:32:46.175 I/Stumbler_ocationService(29418): Using BSSID = [86948c4c47b8] 
05-12 20:32:46.175 I/Stumbler_ocationService(29418): Using BSSID = [86948c568ac8] 
05-12 20:32:46.179 I/Stumbler_ocationService(29418): Using BSSID = [94103e00254a] 
05-12 20:32:46.179 I/Stumbler_ocationService(29418): Using BSSID = [9cd36db95a57] 
05-12 20:32:46.179 I/Stumbler_ocationService(29418): Using BSSID = [bc1401e23629] 
05-12 20:32:46.179 I/Stumbler_ocationService(29418): Using BSSID = [bc1401e951f8] 
05-12 20:32:46.180 I/Stumbler_ocationService(29418): Using BSSID = [bc4dfb756f28] 
05-12 20:32:46.182 I/Stumbler_ocationService(29418): Using BSSID = [bc4dfb756f2b] 
05-12 20:32:46.182 I/Stumbler_ocationService(29418): Using BSSID = [bcee7b7a3280] 
05-12 20:32:46.182 I/Stumbler_ocationService(29418): Using BSSID = [c03f0e56ba10] 
05-12 20:32:46.182 I/Stumbler_ocationService(29418): Using BSSID = [c4a81d868186] 
05-12 20:32:46.183 I/Stumbler_ocationService(29418): Using BSSID = [c8b373053f87] 
05-12 20:32:46.183 I/Stumbler_ocationService(29418): Using BSSID = [d4ca6d8daaaa] 
05-12 20:32:46.183 I/Stumbler_ocationService(29418): Using BSSID = [d4ca6d992dd5] 
05-12 20:32:46.183 I/Stumbler_ocationService(29418): Using BSSID = [d86ce914d153] 
05-12 20:32:46.183 I/Stumbler_ocationService(29418): Using BSSID = [da6ce914d153] 
05-12 20:32:46.184 I/Stumbler_ocationService(29418): Using BSSID = [e03f49045c98] 
05-12 20:32:46.184 I/Stumbler_ocationService(29418): Using BSSID = [e840f29c9c89] 
05-12 20:32:46.185 I/Stumbler_ocationService(29418): Using BSSID = [ea40f20fb3e6] 
05-12 20:32:46.185 I/Stumbler_ocationService(29418): Using BSSID = [f08261f506ce] 
05-12 20:32:46.185 I/Stumbler_ocationService(29418): Using BSSID = [f08261f6045e] 
05-12 20:32:46.185 I/Stumbler_ocationService(29418): END BSSID for offline geo
05-12 20:32:46.186 I/Stumbler_ocationService(29418): Unique solution found: [28272]
05-12 20:32:47.842 D/Stumbler_GPSScanner(29418): New location: Location[gps 43.642538,-79.373228 acc=12 et=+6h32m50s616ms alt=46.0 vel=6.88 bear=67.7 {Bundle[mParcelledData.dataSize=40]}]
05-12 20:32:47.920 D/Stumbler_adcastReceiver(29418): Computed distance: 85.13570404052734
05-12 20:32:47.921 D/Stumbler_adcastReceiver(29418): Pref distance: 50
05-12 20:32:47.921 D/Stumbler_adcastReceiver(29418): Received new location exceeding distance changed in meters pref
05-12 20:32:47.921 D/Stumbler_adcastReceiver(29418): Scheduled timeout check for 120.0 seconds
05-12 20:32:47.931 D/Stumbler_lemetryWrapper(29418): Class not found!
05-12 20:32:47.961 D/Stumbler_WifiScanner(29418): WiFi Scanning Timer fired
05-12 20:32:49.017 E/StrictMode(29418): 	at org.mozilla.mozstumbler.service.core.offline.OrderedCityTiles.parse_csv(OrderedCityTiles.java:34)
05-12 20:32:49.017 E/StrictMode(29418): 	at org.mozilla.mozstumbler.service.core.offline.OrderedCityTiles.<init>(OrderedCityTiles.java:26)
05-12 20:32:49.017 E/StrictMode(29418): 	at org.mozilla.mozstumbler.service.core.offline.LocationService.locationFix(LocationService.java:194)
05-12 20:32:49.017 E/StrictMode(29418): 	at org.mozilla.mozstumbler.service.core.offline.LocationService.search(LocationService.java:111)
05-12 20:32:49.017 E/StrictMode(29418): 	at org.mozilla.mozstumbler.svclocator.DynamicProxy.invoke(DynamicProxy.java:89)
05-12 20:32:49.017 E/StrictMode(29418): 	at org.mozilla.mozstumbler.client.mapview.AsyncGeolocate.doInBackground(AsyncGeolocate.java:68)
05-12 20:32:49.017 E/StrictMode(29418): 	at org.mozilla.mozstumbler.client.mapview.AsyncGeolocate.doInBackground(AsyncGeolocate.java:26)
05-12 20:32:51.669 D/Stumbler_MapFragment(29418): onResume
05-12 20:32:51.672 D/Stumbler_nUpdateManager(29418): set last known location
05-12 20:32:51.962 D/Stumbler_WifiScanner(29418): WiFi Scanning Timer fired
05-12 20:32:52.183 I/Timeline(  792): Timeline: Activity_windows_visible id: ActivityRecord{2594c4b5 u0 org.mozilla.mozstumbler.debug/org.mozilla.mozstumbler.client.navdrawer.MainDrawerActivity t116} time:23020240
05-12 20:32:54.854 D/Stumbler_GPSScanner(29418): New location: Location[gps 43.642847,-79.373315 acc=10 et=+6h32m57s616ms alt=43.0 vel=7.0 bear=344.0 {Bundle[mParcelledData.dataSize=40]}]
05-12 20:32:54.925 D/Stumbler_adcastReceiver(29418): Computed distance: 35.03404235839844
05-12 20:32:54.925 D/Stumbler_adcastReceiver(29418): Pref distance: 50
05-12 20:32:54.925 D/Stumbler_adcastReceiver(29418): Last loc. age: 7.005 s, (1431477174-1431477167, max age: 120.0)
05-12 20:32:54.925 D/Stumbler_adcastReceiver(29418): Scheduled timeout check for 120.0 seconds
05-12 20:32:54.934 D/Stumbler_lemetryWrapper(29418): Class not found!
05-12 20:32:54.965 D/Stumbler_loaderDelegate(29418): Got a response: 200
05-12 20:32:54.967 D/Stumbler_loaderDelegate(29418): serializableTile == org.mozilla.osmdroid.tileprovider.modules.SerializableTile@af1e93f
05-12 20:32:54.968 D/Stumbler_RUMapTileCache(29418): Remove old tile: /18/73274/95675
05-12 20:32:54.974 D/Stumbler_RUMapTileCache(29418): Remove old tile: /18/73274/95676
05-12 20:32:54.979 D/Stumbler_RUMapTileCache(29418): Remove old tile: /18/73275/95677
05-12 20:32:54.982 D/Stumbler_RUMapTileCache(29418): Remove old tile: /18/73275/95678
05-12 20:32:54.989 D/Stumbler_RUMapTileCache(29418): Remove old tile: /18/73275/95679
05-12 20:32:55.001 D/Stumbler_RUMapTileCache(29418): Remove old tile: /18/73275/95680
05-12 20:32:55.009 D/Stumbler_RUMapTileCache(29418): Remove old tile: /18/73275/95681
05-12 20:32:55.025 D/Stumbler_RUMapTileCache(29418): Remove old tile: /18/73275/95682
05-12 20:32:55.036 D/Stumbler_RUMapTileCache(29418): Remove old tile: /18/73275/95683
05-12 20:32:55.038 D/Stumbler_RUMapTileCache(29418): Remove old tile: /18/73275/95684
05-12 20:32:55.253 D/Stumbler_loaderDelegate(29418): Got a response: 200
05-12 20:32:55.253 D/Stumbler_loaderDelegate(29418): Got a response: 200
05-12 20:32:55.255 D/Stumbler_loaderDelegate(29418): serializableTile == org.mozilla.osmdroid.tileprovider.modules.SerializableTile@3cbb20c
05-12 20:32:55.256 D/Stumbler_loaderDelegate(29418): serializableTile == org.mozilla.osmdroid.tileprovider.modules.SerializableTile@2f42a755
05-12 20:32:55.256 D/Stumbler_RUMapTileCache(29418): Remove old tile: /18/73274/95677
05-12 20:32:55.257 D/Stumbler_RUMapTileCache(29418): Remove old tile: /18/73274/95678
05-12 20:32:55.261 D/Stumbler_RUMapTileCache(29418): Remove old tile: /18/73274/95679
05-12 20:32:55.276 D/Stumbler_RUMapTileCache(29418): Remove old tile: /18/73274/95680
05-12 20:32:55.277 D/Stumbler_RUMapTileCache(29418): Remove old tile: /18/73274/95681
05-12 20:32:55.282 D/Stumbler_RUMapTileCache(29418): Remove old tile: /18/73274/95682
05-12 20:32:55.287 D/Stumbler_RUMapTileCache(29418): Remove old tile: /18/73274/95683
05-12 20:32:55.291 D/Stumbler_RUMapTileCache(29418): Remove old tile: /18/73274/95684
05-12 20:32:55.292 D/Stumbler_RUMapTileCache(29418): Remove old tile: /18/73269/95684
05-12 20:32:55.301 D/Stumbler_loaderDelegate(29418): Got a response: 200
05-12 20:32:55.304 D/Stumbler_loaderDelegate(29418): serializableTile == org.mozilla.osmdroid.tileprovider.modules.SerializableTile@2f1b556a
05-12 20:32:55.305 D/Stumbler_RUMapTileCache(29418): Remove old tile: /18/73270/95684
05-12 20:32:55.460 D/Stumbler_loaderDelegate(29418): Got a response: 200
05-12 20:32:55.461 D/Stumbler_loaderDelegate(29418): Got a response: 200
05-12 20:32:55.463 D/Stumbler_loaderDelegate(29418): serializableTile == org.mozilla.osmdroid.tileprovider.modules.SerializableTile@1ca5da5b
05-12 20:32:55.463 D/Stumbler_loaderDelegate(29418): serializableTile == org.mozilla.osmdroid.tileprovider.modules.SerializableTile@3887e2f8
05-12 20:32:55.464 D/Stumbler_RUMapTileCache(29418): Remove old tile: /18/73271/95684
05-12 20:32:55.465 D/Stumbler_RUMapTileCache(29418): Remove old tile: /18/73272/95684
05-12 20:32:55.556 D/Stumbler_loaderDelegate(29418): Got a response: 200
05-12 20:32:55.558 D/Stumbler_loaderDelegate(29418): serializableTile == org.mozilla.osmdroid.tileprovider.modules.SerializableTile@3cd363d1
05-12 20:32:55.559 D/Stumbler_RUMapTileCache(29418): Remove old tile: /18/73273/95684
05-12 20:32:55.598 D/Stumbler_loaderDelegate(29418): Got a response: 200
05-12 20:32:55.600 D/Stumbler_loaderDelegate(29418): Got a response: 200
05-12 20:32:55.601 D/Stumbler_loaderDelegate(29418): serializableTile == org.mozilla.osmdroid.tileprovider.modules.SerializableTile@13115e36
05-12 20:32:55.602 D/Stumbler_loaderDelegate(29418): serializableTile == org.mozilla.osmdroid.tileprovider.modules.SerializableTile@3cddc137
05-12 20:32:55.603 D/Stumbler_RUMapTileCache(29418): Remove old tile: /18/73273/95676
05-12 20:32:55.603 D/Stumbler_RUMapTileCache(29418): Remove old tile: /18/73273/95677
05-12 20:32:55.725 D/Stumbler_RUMapTileCache(29418): Remove old tile: /18/73276/95677
05-12 20:32:55.727 D/Stumbler_RUMapTileCache(29418): Remove old tile: /18/73276/95681
05-12 20:32:55.806 D/Stumbler_RUMapTileCache(29418): Remove old tile: /18/73276/95679
05-12 20:32:55.806 D/Stumbler_RUMapTileCache(29418): Remove old tile: /18/73276/95680
05-12 20:32:55.810 D/Stumbler_RUMapTileCache(29418): Remove old tile: /18/73276/95678
05-12 20:32:55.811 D/Stumbler_RUMapTileCache(29418): Remove old tile: /18/73276/95684
05-12 20:32:55.812 D/Stumbler_RUMapTileCache(29418): Remove old tile: /18/73268/95684
05-12 20:32:55.812 D/Stumbler_RUMapTileCache(29418): Remove old tile: /18/73276/95682
05-12 20:32:55.812 D/Stumbler_RUMapTileCache(29418): Remove old tile: /18/73276/95683
05-12 20:32:55.815 D/Stumbler_RUMapTileCache(29418): Remove old tile: /18/73267/95676
05-12 20:32:55.919 D/Stumbler_RUMapTileCache(29418): Remove old tile: /18/73267/95677
05-12 20:32:55.920 D/Stumbler_RUMapTileCache(29418): Remove old tile: /18/73267/95678
05-12 20:32:55.921 D/Stumbler_RUMapTileCache(29418): Remove old tile: /18/73267/95679
05-12 20:32:55.921 D/Stumbler_RUMapTileCache(29418): Remove old tile: /18/73267/95680
05-12 20:32:55.922 D/Stumbler_RUMapTileCache(29418): Remove old tile: /18/73267/95681
05-12 20:32:55.922 D/Stumbler_RUMapTileCache(29418): Remove old tile: /18/73267/95682
05-12 20:32:55.962 D/Stumbler_WifiScanner(29418): WiFi Scanning Timer fired
05-12 20:32:55.981 D/Stumbler_RUMapTileCache(29418): Remove old tile: /18/73267/95683
05-12 20:32:55.989 D/Stumbler_RUMapTileCache(29418): Remove old tile: /18/73268/95676
05-12 20:32:55.989 D/Stumbler_RUMapTileCache(29418): Remove old tile: /18/73268/95677
05-12 20:32:55.990 D/Stumbler_RUMapTileCache(29418): Remove old tile: /18/73268/95678
05-12 20:32:55.994 D/Stumbler_RUMapTileCache(29418): Remove old tile: /18/73268/95679
05-12 20:32:55.996 D/Stumbler_RUMapTileCache(29418): Remove old tile: /18/73268/95680
05-12 20:32:55.997 D/Stumbler_RUMapTileCache(29418): Remove old tile: /18/73268/95681
05-12 20:32:55.998 D/Stumbler_RUMapTileCache(29418): Remove old tile: /18/73268/95682
05-12 20:32:56.213 D/Stumbler_RUMapTileCache(29418): Remove old tile: /18/73268/95683
05-12 20:32:56.216 D/Stumbler_RUMapTileCache(29418): Remove old tile: /18/73269/95676
05-12 20:32:56.216 D/Stumbler_RUMapTileCache(29418): Remove old tile: /18/73269/95677
05-12 20:32:56.216 D/Stumbler_RUMapTileCache(29418): Remove old tile: /18/73269/95678
05-12 20:32:56.217 D/Stumbler_RUMapTileCache(29418): Remove old tile: /18/73269/95679
05-12 20:32:56.218 D/Stumbler_RUMapTileCache(29418): Remove old tile: /18/73269/95680
05-12 20:32:56.218 D/Stumbler_RUMapTileCache(29418): Remove old tile: /18/73269/95681
05-12 20:32:56.220 D/Stumbler_RUMapTileCache(29418): Remove old tile: /18/73269/95682
05-12 20:32:56.579 D/Stumbler_loaderDelegate(29418): Got a response: 200
05-12 20:32:56.580 D/Stumbler_loaderDelegate(29418): serializableTile == org.mozilla.osmdroid.tileprovider.modules.SerializableTile@22d436a4
05-12 20:32:56.581 D/Stumbler_RUMapTileCache(29418): Remove old tile: /18/73269/95683
05-12 20:32:57.392 D/Stumbler_loaderDelegate(29418): Got a response: 200
05-12 20:32:57.396 D/Stumbler_loaderDelegate(29418): serializableTile == org.mozilla.osmdroid.tileprovider.modules.SerializableTile@23d96c0d
05-12 20:32:57.397 D/Stumbler_RUMapTileCache(29418): Remove old tile: /18/73269/95684
05-12 20:32:57.879 D/Stumbler_GPSScanner(29418): New location: Location[gps 43.643135,-79.373521 acc=8 et=+6h33m0s614ms alt=43.0 vel=10.93 bear=340.7 {Bundle[mParcelledData.dataSize=40]}]
05-12 20:32:57.904 W/PackageManager( 1144): Failure retrieving resources for org.mozilla.mozstumbler.debug: Resource ID #0x0
05-12 20:32:57.962 W/PackageManager( 1144): Failure retrieving resources for org.mozilla.mozstumbler.debug: Resource ID #0x0
05-12 20:32:58.004 D/Stumbler_adcastReceiver(29418): Computed distance: 70.46566009521484
05-12 20:32:58.004 D/Stumbler_adcastReceiver(29418): Pref distance: 50
05-12 20:32:58.004 D/Stumbler_adcastReceiver(29418): Received new location exceeding distance changed in meters pref
05-12 20:32:58.004 D/Stumbler_adcastReceiver(29418): Scheduled timeout check for 120.0 seconds
05-12 20:32:58.014 D/Stumbler_lemetryWrapper(29418): Class not found!
05-12 20:32:58.099 D/Stumbler_MapFragment(29418): onPause
05-12 20:32:58.183 I/Stumbler_StorageManager(29418): Preparing to write to : [/data/data/org.mozilla.mozstumbler.debug/files/reports/reports-t1431477178183-r6-w598-c6.gz]
05-12 20:32:58.185 D/StumblerFiles(29418): reports-t1431477048783-r2-w57-c6.gz
05-12 20:32:58.185 D/StumblerFiles(29418): reports-t1431477095080-r4-w250-c9.gz
05-12 20:32:58.185 D/StumblerFiles(29418): reports-t1431477139460-r5-w385-c9.gz
05-12 20:32:58.185 D/StumblerFiles(29418): reports-t1431477178183-r6-w598-c6.gz
05-12 20:32:59.707 I/Stumbler_ocationService(29418): Sending back location: {"location":{"lat":"43.644025848","lng":"-79.378967285"},"accuracy":"150"}
05-12 20:32:59.708 I/Stumbler_AsyncGeolocate(29418): Using offline location fixing!
05-12 20:32:59.711 I/Stumbler_ocationService(29418): Offline location started!
05-12 20:32:59.711 I/Stumbler_ocationService(29418): Start BSSID for offline geo
05-12 20:32:59.711 I/Stumbler_ocationService(29418): Using BSSID = [00026fe6e24a] 
05-12 20:32:59.712 I/Stumbler_ocationService(29418): Using BSSID = [00198824b37f] 
05-12 20:32:59.712 I/Stumbler_ocationService(29418): Using BSSID = [00198854c315] 
05-12 20:32:59.717 I/Stumbler_ocationService(29418): Using BSSID = [0021594b7ee0] 
05-12 20:32:59.718 I/Stumbler_ocationService(29418): Using BSSID = [00222dd7c50d] 
05-12 20:32:59.718 I/Stumbler_ocationService(29418): Using BSSID = [00253c27c861] 
05-12 20:32:59.720 I/Stumbler_ocationService(29418): Using BSSID = [0026f30609e1] 
05-12 20:32:59.722 I/Stumbler_ocationService(29418): Using BSSID = [0627220b103d] 
05-12 20:32:59.722 I/Stumbler_ocationService(29418): Using BSSID = [08606ee94082] 
05-12 20:32:59.723 I/Stumbler_ocationService(29418): Using BSSID = [0c2724506200] 
05-12 20:32:59.726 I/Stumbler_ocationService(29418): Using BSSID = [0c2724506202] 
05-12 20:32:59.729 I/Stumbler_ocationService(29418): Using BSSID = [0c27248e55c2] 
05-12 20:32:59.731 I/Stumbler_ocationService(29418): Using BSSID = [0c473dc72608] 
05-12 20:32:59.732 I/Stumbler_ocationService(29418): Using BSSID = [0c473dd35ba8] 
05-12 20:32:59.732 I/Stumbler_ocationService(29418): Using BSSID = [0c473de888e8] 
05-12 20:32:59.732 I/Stumbler_ocationService(29418): Using BSSID = [0c473de94038] 
05-12 20:32:59.732 I/Stumbler_ocationService(29418): Using BSSID = [0c473de9403c] 
05-12 20:32:59.733 I/Stumbler_ocationService(29418): Using BSSID = [0e473de8ebc8] 
05-12 20:32:59.733 I/Stumbler_ocationService(29418): Using BSSID = [109add892adb] 
05-12 20:32:59.733 I/Stumbler_ocationService(29418): Using BSSID = [10bd18ea3c40] 
05-12 20:32:59.734 I/Stumbler_ocationService(29418): Using BSSID = [18622cdb576a] 
05-12 20:32:59.734 I/Stumbler_ocationService(29418): Using BSSID = [18622ce09d03] 
05-12 20:32:59.738 I/Stumbler_ocationService(29418): Using BSSID = [189c5d38b3c0] 
05-12 20:32:59.738 I/Stumbler_ocationService(29418): Using BSSID = [189c5d38b3c1] 
05-12 20:32:59.738 I/Stumbler_ocationService(29418): Using BSSID = [20aa4bdfce08] 
05-12 20:32:59.741 I/Stumbler_ocationService(29418): Using BSSID = [22027126df5a] 
05-12 20:32:59.742 I/Stumbler_ocationService(29418): Using BSSID = [28924a5cd231] 
05-12 20:32:59.742 I/Stumbler_ocationService(29418): Using BSSID = [2aa43c0d1d79] 
05-12 20:32:59.745 I/Stumbler_ocationService(29418): Using BSSID = [386077e97cb1] 
05-12 20:32:59.745 I/Stumbler_ocationService(29418): Using BSSID = [3a6077e97cb2] 
05-12 20:32:59.745 I/Stumbler_ocationService(29418): Using BSSID = [40f201e9ace7] 
05-12 20:32:59.746 I/Stumbler_ocationService(29418): Using BSSID = [40f201ea26df] 
05-12 20:32:59.746 I/Stumbler_ocationService(29418): Using BSSID = [50465d6c24f8] 
05-12 20:32:59.746 I/Stumbler_ocationService(29418): Using BSSID = [5404a6d2ad52] 
05-12 20:32:59.746 I/Stumbler_ocationService(29418): Using BSSID = [640f281bc5e9] 
05-12 20:32:59.747 I/Stumbler_ocationService(29418): Using BSSID = [6815903c3aa6] 
05-12 20:32:59.747 I/Stumbler_ocationService(29418): Using BSSID = [6815903c448e] 
05-12 20:32:59.750 I/Stumbler_ocationService(29418): Using BSSID = [68b6fcc64d18] 
05-12 20:32:59.751 I/Stumbler_ocationService(29418): Using BSSID = [68b6fccde748] 
05-12 20:32:59.751 I/Stumbler_ocationService(29418): Using BSSID = [68b6fccde749] 
05-12 20:32:59.752 I/Stumbler_ocationService(29418): Using BSSID = [6a7a97a9bd48] 
05-12 20:32:59.752 I/Stumbler_ocationService(29418): Using BSSID = [7254d2578c16] 
05-12 20:32:59.752 I/Stumbler_ocationService(29418): Using BSSID = [78542efe0b30] 
05-12 20:32:59.752 I/Stumbler_ocationService(29418): Using BSSID = [788df7234a68] 
05-12 20:32:59.753 I/Stumbler_ocationService(29418): Using BSSID = [788df74c8278] 
05-12 20:32:59.755 I/Stumbler_ocationService(29418): Using BSSID = [788df7e3bac8] 
05-12 20:32:59.757 I/Stumbler_ocationService(29418): Using BSSID = [788df7e3bacc] 
05-12 20:32:59.759 I/Stumbler_ocationService(29418): Using BSSID = [788df7ebe108] 
05-12 20:32:59.761 I/Stumbler_ocationService(29418): Using BSSID = [788df7ebe109] 
05-12 20:32:59.763 I/Stumbler_ocationService(29418): Using BSSID = [7a8df740eec8] 
05-12 20:32:59.763 I/Stumbler_ocationService(29418): Using BSSID = [7a8df7ea5468] 
05-12 20:32:59.764 I/Stumbler_ocationService(29418): Using BSSID = [84948c4c47b8] 
05-12 20:32:59.764 I/Stumbler_ocationService(29418): Using BSSID = [84948c5187f8] 
05-12 20:32:59.764 I/Stumbler_ocationService(29418): Using BSSID = [84948c52b0f8] 
05-12 20:32:59.765 I/Stumbler_ocationService(29418): Using BSSID = [84948c54dee8] 
05-12 20:32:59.765 I/Stumbler_ocationService(29418): Using BSSID = [84948c564688] 
05-12 20:32:59.765 I/Stumbler_ocationService(29418): Using BSSID = [84948c568ac8] 
05-12 20:32:59.765 I/Stumbler_ocationService(29418): Using BSSID = [84948c568acc] 
05-12 20:32:59.766 I/Stumbler_ocationService(29418): Using BSSID = [84948c5c0978] 
05-12 20:32:59.770 I/Stumbler_ocationService(29418): Using BSSID = [84948cc96438] 
05-12 20:32:59.771 I/Stumbler_ocationService(29418): Using BSSID = [84948cd12e38] 
05-12 20:32:59.771 I/Stumbler_ocationService(29418): Using BSSID = [84948cd12e3c] 
05-12 20:32:59.771 I/Stumbler_ocationService(29418): Using BSSID = [84948cd27688] 
05-12 20:32:59.774 I/Stumbler_ocationService(29418): Using BSSID = [86948c372be8] 
05-12 20:32:59.774 I/Stumbler_ocationService(29418): Using BSSID = [86948c4c47b8] 
05-12 20:32:59.775 I/Stumbler_ocationService(29418): Using BSSID = [86948c568ac8] 
05-12 20:32:59.775 I/Stumbler_ocationService(29418): Using BSSID = [881fa12f5494] 
05-12 20:32:59.775 I/Stumbler_ocationService(29418): Using BSSID = [88dc96296e6a] 
05-12 20:32:59.775 I/Stumbler_ocationService(29418): Using BSSID = [94103e00254a] 
05-12 20:32:59.775 I/Stumbler_ocationService(29418): Using BSSID = [98fc1197736d] 
05-12 20:32:59.777 I/Stumbler_ocationService(29418): Using BSSID = [9cd36db95a57] 
05-12 20:32:59.778 I/Stumbler_ocationService(29418): Using BSSID = [9cd643d2b618] 
05-12 20:32:59.778 I/Stumbler_ocationService(29418): Using BSSID = [a021b7bfc53a] 
05-12 20:32:59.778 I/Stumbler_ocationService(29418): Using BSSID = [a0d3c1872242] 
05-12 20:32:59.781 I/Stumbler_ocationService(29418): Using BSSID = [b4a4e364c99c] 
05-12 20:32:59.787 I/Stumbler_ocationService(29418): Using BSSID = [b4a4e364c99f] 
05-12 20:32:59.792 I/Stumbler_ocationService(29418): Using BSSID = [bc1401e23629] 
05-12 20:32:59.792 I/Stumbler_ocationService(29418): Using BSSID = [bc1401e951f8] 
05-12 20:32:59.792 I/Stumbler_ocationService(29418): Using BSSID = [bc4dfb291118] 
05-12 20:32:59.793 I/Stumbler_ocationService(29418): Using BSSID = [bc4dfb756f28] 
05-12 20:32:59.793 I/Stumbler_ocationService(29418): Using BSSID = [c03f0e56ba10] 
05-12 20:32:59.793 I/Stumbler_ocationService(29418): Using BSSID = [c0a0bbe39958] 
05-12 20:32:59.793 I/Stumbler_ocationService(29418): Using BSSID = [c29fdbf7f0b5] 
05-12 20:32:59.796 I/Stumbler_ocationService(29418): Using BSSID = [c29fdbf7ffea] 
05-12 20:32:59.796 I/Stumbler_ocationService(29418): Using BSSID = [c4a81d868186] 
05-12 20:32:59.797 I/Stumbler_ocationService(29418): Using BSSID = [c69fdbf7ffea] 
05-12 20:32:59.797 I/Stumbler_ocationService(29418): Using BSSID = [c8b373053f87] 
05-12 20:32:59.797 I/Stumbler_ocationService(29418): Using BSSID = [c8b3730bacce] 
05-12 20:32:59.801 I/Stumbler_ocationService(29418): Using BSSID = [d4ca6d8daaaa] 
05-12 20:32:59.801 I/Stumbler_ocationService(29418): Using BSSID = [d4ca6d992dd5] 
05-12 20:32:59.801 I/Stumbler_ocationService(29418): Using BSSID = [d86ce914d153] 
05-12 20:32:59.802 I/Stumbler_ocationService(29418): Using BSSID = [da6ce914d153] 
05-12 20:32:59.802 I/Stumbler_ocationService(29418): Using BSSID = [e03f49045c98] 
05-12 20:32:59.802 I/Stumbler_ocationService(29418): Using BSSID = [e840f29c9c89] 
05-12 20:32:59.803 I/Stumbler_ocationService(29418): Using BSSID = [ea40f20fb3e6] 
05-12 20:32:59.803 I/Stumbler_ocationService(29418): Using BSSID = [f08261f506ce] 
05-12 20:32:59.803 I/Stumbler_ocationService(29418): END BSSID for offline geo
05-12 20:32:59.804 I/Stumbler_ocationService(29418): Unique solution found: [28272]
05-12 20:32:59.962 D/Stumbler_WifiScanner(29418): WiFi Scanning Timer fired
05-12 20:33:01.853 D/Stumbler_GPSScanner(29418): New location: Location[gps 43.643532,-79.373706 acc=10 et=+6h33m4s615ms alt=43.0 vel=12.06 bear=339.9 {Bundle[mParcelledData.dataSize=40]}]
05-12 20:33:01.928 D/Stumbler_adcastReceiver(29418): Computed distance: 46.57957458496094
05-12 20:33:01.928 D/Stumbler_adcastReceiver(29418): Pref distance: 50
05-12 20:33:01.929 D/Stumbler_adcastReceiver(29418): Last loc. age: 3.924 s, (1431477181-1431477178, max age: 120.0)
05-12 20:33:01.929 D/Stumbler_adcastReceiver(29418): Scheduled timeout check for 120.0 seconds
05-12 20:33:01.947 D/Stumbler_lemetryWrapper(29418): Class not found!
05-12 20:33:03.242 D/Stumbler_MapFragment(29418): onResume
05-12 20:33:03.243 D/Stumbler_nUpdateManager(29418): set last known location
05-12 20:33:03.735 I/Timeline(  792): Timeline: Activity_windows_visible id: ActivityRecord{2594c4b5 u0 org.mozilla.mozstumbler.debug/org.mozilla.mozstumbler.client.navdrawer.MainDrawerActivity t116} time:23031792
05-12 20:33:03.963 D/Stumbler_WifiScanner(29418): WiFi Scanning Timer fired
05-12 20:33:04.120 E/StrictMode(29418): 	at org.mozilla.mozstumbler.service.core.offline.OrderedCityTiles.parse_csv(OrderedCityTiles.java:34)
05-12 20:33:04.120 E/StrictMode(29418): 	at org.mozilla.mozstumbler.service.core.offline.OrderedCityTiles.<init>(OrderedCityTiles.java:26)
05-12 20:33:04.120 E/StrictMode(29418): 	at org.mozilla.mozstumbler.service.core.offline.LocationService.locationFix(LocationService.java:194)
05-12 20:33:04.120 E/StrictMode(29418): 	at org.mozilla.mozstumbler.service.core.offline.LocationService.search(LocationService.java:111)
05-12 20:33:04.120 E/StrictMode(29418): 	at org.mozilla.mozstumbler.svclocator.DynamicProxy.invoke(DynamicProxy.java:89)
05-12 20:33:04.120 E/StrictMode(29418): 	at org.mozilla.mozstumbler.client.mapview.AsyncGeolocate.doInBackground(AsyncGeolocate.java:68)
05-12 20:33:04.120 E/StrictMode(29418): 	at org.mozilla.mozstumbler.client.mapview.AsyncGeolocate.doInBackground(AsyncGeolocate.java:26)
05-12 20:33:04.842 D/Stumbler_GPSScanner(29418): New location: Location[gps 43.643841,-79.373837 acc=10 et=+6h33m7s613ms alt=44.0 vel=11.98 bear=341.7 {Bundle[mParcelledData.dataSize=40]}]
05-12 20:33:04.890 D/Stumbler_adcastReceiver(29418): Computed distance: 82.47050476074219
05-12 20:33:04.890 D/Stumbler_adcastReceiver(29418): Pref distance: 50
05-12 20:33:04.890 D/Stumbler_adcastReceiver(29418): Received new location exceeding distance changed in meters pref
05-12 20:33:04.890 D/Stumbler_adcastReceiver(29418): Scheduled timeout check for 120.0 seconds
05-12 20:33:04.895 D/Stumbler_lemetryWrapper(29418): Class not found!
05-12 20:33:07.090 D/Stumbler_RUMapTileCache(29418): Remove old tile: /18/73270/95684
05-12 20:33:07.091 D/Stumbler_RUMapTileCache(29418): Remove old tile: /18/73271/95684
05-12 20:33:07.092 D/Stumbler_RUMapTileCache(29418): Remove old tile: /18/73272/95684
05-12 20:33:07.093 D/Stumbler_RUMapTileCache(29418): Remove old tile: /18/73273/95684
05-12 20:33:07.093 D/Stumbler_RUMapTileCache(29418): Remove old tile: /18/73274/95684
05-12 20:33:07.552 D/Stumbler_loaderDelegate(29418): Got a response: 200
05-12 20:33:07.554 D/Stumbler_loaderDelegate(29418): serializableTile == org.mozilla.osmdroid.tileprovider.modules.SerializableTile@7c0007a
05-12 20:33:07.556 D/Stumbler_RUMapTileCache(29418): Remove old tile: /18/73275/95684
05-12 20:33:07.964 D/Stumbler_WifiScanner(29418): WiFi Scanning Timer fired
05-12 20:33:08.856 D/Stumbler_GPSScanner(29418): New location: Location[gps 43.644104,-79.373963 acc=9 et=+6h33m11s618ms alt=44.0 vel=6.94 bear=339.1 {Bundle[mParcelledData.dataSize=40]}]
